Archive member included to satisfy reference by file (symbol)

c:/st/stm32cubeide_1.11.0/stm32cubeide/plugins/com.st.stm32cube.ide.mcu.externaltools.gnu-tools-for-stm32.10.3-2021.10.win32_1.0.100.202210260954/tools/bin/../lib/gcc/arm-none-eabi/10.3.1/../../../../arm-none-eabi/lib/thumb/v7e-m+dp/hard\libm.a(lib_a-s_floor.o)
                              ./VectorModel/build/src/MEDINP.o (floor)
c:/st/stm32cubeide_1.11.0/stm32cubeide/plugins/com.st.stm32cube.ide.mcu.externaltools.gnu-tools-for-stm32.10.3-2021.10.win32_1.0.100.202210260954/tools/bin/../lib/gcc/arm-none-eabi/10.3.1/../../../../arm-none-eabi/lib/thumb/v7e-m+dp/hard\libm.a(lib_a-sf_floor.o)
                              ./VectorModel/build/src/GATOUP.o (floorf)
c:/st/stm32cubeide_1.11.0/stm32cubeide/plugins/com.st.stm32cube.ide.mcu.externaltools.gnu-tools-for-stm32.10.3-2021.10.win32_1.0.100.202210260954/tools/bin/../lib/gcc/arm-none-eabi/10.3.1/../../../../arm-none-eabi/lib/thumb/v7e-m+dp/hard\libm.a(lib_a-sf_fmax.o)
                              ./VectorModel/build/src/CURCTL.o (fmaxf)
c:/st/stm32cubeide_1.11.0/stm32cubeide/plugins/com.st.stm32cube.ide.mcu.externaltools.gnu-tools-for-stm32.10.3-2021.10.win32_1.0.100.202210260954/tools/bin/../lib/gcc/arm-none-eabi/10.3.1/../../../../arm-none-eabi/lib/thumb/v7e-m+dp/hard\libm.a(lib_a-sf_fmin.o)
                              ./VectorModel/build/src/CURCTL.o (fminf)
c:/st/stm32cubeide_1.11.0/stm32cubeide/plugins/com.st.stm32cube.ide.mcu.externaltools.gnu-tools-for-stm32.10.3-2021.10.win32_1.0.100.202210260954/tools/bin/../lib/gcc/arm-none-eabi/10.3.1/../../../../arm-none-eabi/lib/thumb/v7e-m+dp/hard\libm.a(lib_a-sf_fpclassify.o)
                              c:/st/stm32cubeide_1.11.0/stm32cubeide/plugins/com.st.stm32cube.ide.mcu.externaltools.gnu-tools-for-stm32.10.3-2021.10.win32_1.0.100.202210260954/tools/bin/../lib/gcc/arm-none-eabi/10.3.1/../../../../arm-none-eabi/lib/thumb/v7e-m+dp/hard\libm.a(lib_a-sf_fmax.o) (__fpclassifyf)
c:/st/stm32cubeide_1.11.0/stm32cubeide/plugins/com.st.stm32cube.ide.mcu.externaltools.gnu-tools-for-stm32.10.3-2021.10.win32_1.0.100.202210260954/tools/bin/../lib/gcc/arm-none-eabi/10.3.1/../../../../arm-none-eabi/lib/thumb/v7e-m+dp/hard\libm.a(lib_a-sf_round.o)
                              ./VectorModel/build/src/MEDOUP.o (roundf)
c:/st/stm32cubeide_1.11.0/stm32cubeide/plugins/com.st.stm32cube.ide.mcu.externaltools.gnu-tools-for-stm32.10.3-2021.10.win32_1.0.100.202210260954/tools/bin/../lib/gcc/arm-none-eabi/10.3.1/../../../../arm-none-eabi/lib/thumb/v7e-m+dp/hard\libm.a(lib_a-w_fmod.o)
                              ./VectorModel/build/src/MEDINP.o (fmod)
c:/st/stm32cubeide_1.11.0/stm32cubeide/plugins/com.st.stm32cube.ide.mcu.externaltools.gnu-tools-for-stm32.10.3-2021.10.win32_1.0.100.202210260954/tools/bin/../lib/gcc/arm-none-eabi/10.3.1/../../../../arm-none-eabi/lib/thumb/v7e-m+dp/hard\libm.a(lib_a-wf_fmod.o)
                              ./VectorModel/build/src/GATOUP.o (fmodf)
c:/st/stm32cubeide_1.11.0/stm32cubeide/plugins/com.st.stm32cube.ide.mcu.externaltools.gnu-tools-for-stm32.10.3-2021.10.win32_1.0.100.202210260954/tools/bin/../lib/gcc/arm-none-eabi/10.3.1/../../../../arm-none-eabi/lib/thumb/v7e-m+dp/hard\libm.a(lib_a-wf_sqrt.o)
                              ./VectorModel/build/src/CURCTL.o (sqrtf)
c:/st/stm32cubeide_1.11.0/stm32cubeide/plugins/com.st.stm32cube.ide.mcu.externaltools.gnu-tools-for-stm32.10.3-2021.10.win32_1.0.100.202210260954/tools/bin/../lib/gcc/arm-none-eabi/10.3.1/../../../../arm-none-eabi/lib/thumb/v7e-m+dp/hard\libm.a(lib_a-e_fmod.o)
                              c:/st/stm32cubeide_1.11.0/stm32cubeide/plugins/com.st.stm32cube.ide.mcu.externaltools.gnu-tools-for-stm32.10.3-2021.10.win32_1.0.100.202210260954/tools/bin/../lib/gcc/arm-none-eabi/10.3.1/../../../../arm-none-eabi/lib/thumb/v7e-m+dp/hard\libm.a(lib_a-w_fmod.o) (__ieee754_fmod)
c:/st/stm32cubeide_1.11.0/stm32cubeide/plugins/com.st.stm32cube.ide.mcu.externaltools.gnu-tools-for-stm32.10.3-2021.10.win32_1.0.100.202210260954/tools/bin/../lib/gcc/arm-none-eabi/10.3.1/../../../../arm-none-eabi/lib/thumb/v7e-m+dp/hard\libm.a(lib_a-ef_fmod.o)
                              c:/st/stm32cubeide_1.11.0/stm32cubeide/plugins/com.st.stm32cube.ide.mcu.externaltools.gnu-tools-for-stm32.10.3-2021.10.win32_1.0.100.202210260954/tools/bin/../lib/gcc/arm-none-eabi/10.3.1/../../../../arm-none-eabi/lib/thumb/v7e-m+dp/hard\libm.a(lib_a-wf_fmod.o) (__ieee754_fmodf)
c:/st/stm32cubeide_1.11.0/stm32cubeide/plugins/com.st.stm32cube.ide.mcu.externaltools.gnu-tools-for-stm32.10.3-2021.10.win32_1.0.100.202210260954/tools/bin/../lib/gcc/arm-none-eabi/10.3.1/../../../../arm-none-eabi/lib/thumb/v7e-m+dp/hard\libm.a(lib_a-ef_sqrt.o)
[...]
Memory Configuration

Name             Origin             Length             Attributes
FLASH            0x0000000008100000 0x0000000000100000 xr
RAM              0x0000000010000000 0x0000000000050000 xrw
ITCMRAM          0x0000000000000000 0x0000000000010000 xrw
IRAM2            0x0000000038000000 0x0000000000010000 xrw
*default*        0x0000000000000000 0xffffffffffffffff

Linker script and memory map

LOAD c:/st/stm32cubeide_1.11.0/stm32cubeide/plugins/com.st.stm32cube.ide.mcu.externaltools.gnu-tools-for-stm32.10.3-2021.10.win32_1.0.100.202210260954/tools/bin/../lib/gcc/arm-none-eabi/10.3.1/thumb/v7e-m+dp/hard/crti.o
LOAD c:/st/stm32cubeide_1.11.0/stm32cubeide/plugins/com.st.stm32cube.ide.mcu.externaltools.gnu-tools-for-stm32.10.3-2021.10.win32_1.0.100.202210260954/tools/bin/../lib/gcc/arm-none-eabi/10.3.1/thumb/v7e-m+dp/hard/crtbegin.o
LOAD c:/st/stm32cubeide_1.11.0/stm32cubeide/plugins/com.st.stm32cube.ide.mcu.externaltools.gnu-tools-for-stm32.10.3-2021.10.win32_1.0.100.202210260954/tools/bin/../lib/gcc/arm-none-eabi/10.3.1/../../../../arm-none-eabi/lib/thumb/v7e-m+dp/hard/crt0.o
LOAD ./BoardSupport/BspAnalog.o
LOAD ./BoardSupport/BspCan.o
LOAD ./BoardSupport/BspClock.o
LOAD ./BoardSupport/BspDma.o
LOAD ./BoardSupport/BspFlash.o
LOAD ./BoardSupport/BspIo.o
LOAD ./BoardSupport/BspPwm.o
LOAD ./BoardSupport/BspSpi.o
LOAD ./BoardSupport/BspTimer.o
LOAD ./BoardSupport/SlowTimer.o
LOAD ./Code/DataMan.o
LOAD ./Code/Fccp.o
LOAD ./Code/Loading.o
LOAD ./Code/Motor.o
LOAD ./Code/SineTable.o
LOAD ./Code/TempSensor.o
LOAD ./Code/main.o
LOAD ./Startup/startup_stm32h747xihx.o
LOAD ./Startup/system_stm32h7xx.o
LOAD ./ThirdParty/XcpBasic.o
LOAD ./ThirdParty/xcp_par.o
LOAD ./VectorModel/RemovedFunctions.o
LOAD ./VectorModel/VectorControl.o
LOAD ./VectorModel/build/src/CLAPAR_data.o
LOAD ./VectorModel/build/src/CURCTL.o
LOAD ./VectorModel/build/src/Debounce_G4uuGAfd.o
LOAD ./VectorModel/build/src/FallingDebounce_RDghcENM.o
LOAD ./VectorModel/build/src/GATOUP.o
LOAD ./VectorModel/build/src/INVCPA.o
LOAD ./VectorModel/build/src/INVCPA_data.o
LOAD ./VectorModel/build/src/LowPassFilter_0O6LwJpz.o
LOAD ./VectorModel/build/src/MEDINP.o
LOAD ./VectorModel/build/src/MEDOUP.o
LOAD ./VectorModel/build/src/MODCTL.o
LOAD ./VectorModel/build/src/P2319ASW01.o
LOAD ./VectorModel/build/src/RateLimit_8K29mxJB.o
LOAD ./VectorModel/build/src/SLWINP.o
LOAD ./VectorModel/build/src/SLWOUP.o
LOAD ./VectorModel/build/src/SPDCTL.o
LOAD ./VectorModel/build/src/TRQCTL.o
LOAD ./VectorModel/build/src/look1_iflf_binlxpw.o
LOAD ./VectorModel/build/src/rtGetInf.o
LOAD ./VectorModel/build/src/rtGetNaN.o
LOAD ./VectorModel/build/src/rt_modf_snf.o
LOAD ./VectorModel/build/src/rt_nonfinite.o
LOAD ./VectorModel/build/src/rtmodel.o
START GROUP
LOAD c:/st/stm32cubeide_1.11.0/stm32cubeide/plugins/com.st.stm32cube.ide.mcu.externaltools.gnu-tools-for-stm32.10.3-2021.10.win32_1.0.100.202210260954/tools/bin/../lib/gcc/arm-none-eabi/10.3.1/../../../../arm-none-eabi/lib/thumb/v7e-m+dp/hard\libstdc++_nano.a
LOAD c:/st/stm32cubeide_1.11.0/stm32cubeide/plugins/com.st.stm32cube.ide.mcu.externaltools.gnu-tools-for-stm32.10.3-2021.10.win32_1.0.100.202210260954/tools/bin/../lib/gcc/arm-none-eabi/10.3.1/../../../../arm-none-eabi/lib/thumb/v7e-m+dp/hard\libsupc++_nano.a
END GROUP
LOAD c:/st/stm32cubeide_1.11.0/stm32cubeide/plugins/com.st.stm32cube.ide.mcu.externaltools.gnu-tools-for-stm32.10.3-2021.10.win32_1.0.100.202210260954/tools/bin/../lib/gcc/arm-none-eabi/10.3.1/../../../../arm-none-eabi/lib/thumb/v7e-m+dp/hard\libstdc++_nano.a
LOAD c:/st/stm32cubeide_1.11.0/stm32cubeide/plugins/com.st.stm32cube.ide.mcu.externaltools.gnu-tools-for-stm32.10.3-2021.10.win32_1.0.100.202210260954/tools/bin/../lib/gcc/arm-none-eabi/10.3.1/../../../../arm-none-eabi/lib/thumb/v7e-m+dp/hard\libm.a
LOAD c:/st/stm32cubeide_1.11.0/stm32cubeide/plugins/com.st.stm32cube.ide.mcu.externaltools.gnu-tools-for-stm32.10.3-2021.10.win32_1.0.100.202210260954/tools/bin/../lib/gcc/arm-none-eabi/10.3.1/../../../../arm-none-eabi/lib/thumb/v7e-m+dp/hard\libc_nano.a
START GROUP
LOAD c:/st/stm32cubeide_1.11.0/stm32cubeide/plugins/com.st.stm32cube.ide.mcu.externaltools.gnu-tools-for-stm32.10.3-2021.10.win32_1.0.100.202210260954/tools/bin/../lib/gcc/arm-none-eabi/10.3.1/thumb/v7e-m+dp/hard\libgcc.a
LOAD c:/st/stm32cubeide_1.11.0/stm32cubeide/plugins/com.st.stm32cube.ide.mcu.externaltools.gnu-tools-for-stm32.10.3-2021.10.win32_1.0.100.202210260954/tools/bin/../lib/gcc/arm-none-eabi/10.3.1/../../../../arm-none-eabi/lib/thumb/v7e-m+dp/hard\libc_nano.a
END GROUP
START GROUP
LOAD c:/st/stm32cubeide_1.11.0/stm32cubeide/plugins/com.st.stm32cube.ide.mcu.externaltools.gnu-tools-for-stm32.10.3-2021.10.win32_1.0.100.202210260954/tools/bin/../lib/gcc/arm-none-eabi/10.3.1/thumb/v7e-m+dp/hard\libgcc.a
LOAD c:/st/stm32cubeide_1.11.0/stm32cubeide/plugins/com.st.stm32cube.ide.mcu.externaltools.gnu-tools-for-stm32.10.3-2021.10.win32_1.0.100.202210260954/tools/bin/../lib/gcc/arm-none-eabi/10.3.1/../../../../arm-none-eabi/lib/thumb/v7e-m+dp/hard\libc_nano.a
LOAD c:/st/stm32cubeide_1.11.0/stm32cubeide/plugins/com.st.stm32cube.ide.mcu.externaltools.gnu-tools-for-stm32.10.3-2021.10.win32_1.0.100.202210260954/tools/bin/../lib/gcc/arm-none-eabi/10.3.1/../../../../arm-none-eabi/lib/thumb/v7e-m+dp/hard\libnosys.a
END GROUP
START GROUP
LOAD c:/st/stm32cubeide_1.11.0/stm32cubeide/plugins/com.st.stm32cube.ide.mcu.externaltools.gnu-tools-for-stm32.10.3-2021.10.win32_1.0.100.202210260954/tools/bin/../lib/gcc/arm-none-eabi/10.3.1/thumb/v7e-m+dp/hard\libgcc.a
LOAD c:/st/stm32cubeide_1.11.0/stm32cubeide/plugins/com.st.stm32cube.ide.mcu.externaltools.gnu-tools-for-stm32.10.3-2021.10.win32_1.0.100.202210260954/tools/bin/../lib/gcc/arm-none-eabi/10.3.1/../../../../arm-none-eabi/lib/thumb/v7e-m+dp/hard\libc_nano.a
LOAD c:/st/stm32cubeide_1.11.0/stm32cubeide/plugins/com.st.stm32cube.ide.mcu.externaltools.gnu-tools-for-stm32.10.3-2021.10.win32_1.0.100.202210260954/tools/bin/../lib/gcc/arm-none-eabi/10.3.1/../../../../arm-none-eabi/lib/thumb/v7e-m+dp/hard\libnosys.a
END GROUP
LOAD c:/st/stm32cubeide_1.11.0/stm32cubeide/plugins/com.st.stm32cube.ide.mcu.externaltools.gnu-tools-for-stm32.10.3-2021.10.win32_1.0.100.202210260954/tools/bin/../lib/gcc/arm-none-eabi/10.3.1/thumb/v7e-m+dp/hard/crtend.o
LOAD c:/st/stm32cubeide_1.11.0/stm32cubeide/plugins/com.st.stm32cube.ide.mcu.externaltools.gnu-tools-for-stm32.10.3-2021.10.win32_1.0.100.202210260954/tools/bin/../lib/gcc/arm-none-eabi/10.3.1/thumb/v7e-m+dp/hard/crtn.o
                0x0000000010048000                _estack = 0x10048000
                0x0000000000000200                _Min_Heap_Size = 0x200
                0x0000000000000800                _Min_Stack_Size = 0x800

.isr_vector     0x0000000008100000      0x298
                0x0000000008100000                . = ALIGN (0x4)
 *(.isr_vector)
 .isr_vector    0x0000000008100000      0x298 ./Startup/startup_stm32h747xihx.o
                0x0000000008100000                g_pfnVectors
                0x0000000008100298                . = ALIGN (0x4)

.text           0x0000000008100298     0x9ad0
                0x0000000008100298                . = ALIGN (0x4)
 *(.text)
 .text          0x0000000008100298       0x40 c:/st/stm32cubeide_1.11.0/stm32cubeide/plugins/com.st.stm32cube.ide.mcu.externaltools.gnu-tools-for-stm32.10.3-2021.10.win32_1.0.100.202210260954/tools/bin/../lib/gcc/arm-none-eabi/10.3.1/thumb/v7e-m+dp/hard/crtbegin.o
 .text          0x00000000081002d8      0x254 c:/st/stm32cubeide_1.11.0/stm32cubeide/plugins/com.st.stm32cube.ide.mcu.externaltools.gnu-tools-for-stm32.10.3-2021.10.win32_1.0.100.202210260954/tools/bin/../lib/gcc/arm-none-eabi/10.3.1/thumb/v7e-m+dp/hard\libgcc.a(_arm_muldf3.o)
                0x00000000081002d8                __muldf3
                0x00000000081002d8                __aeabi_dmul
 .text          0x000000000810052c      0x378 c:/st/stm32cubeide_1.11.0/stm32cubeide/plugins/com.st.stm32cube.ide.mcu.externaltools.gnu-tools-for-stm32.10.3-2021.10.win32_1.0.100.202210260954/tools/bin/../lib/gcc/arm-none-eabi/10.3.1/thumb/v7e-m+dp/hard\libgcc.a(_arm_addsubdf3.o)
                0x000000000810052c                __aeabi_drsub
                0x0000000008100534                __aeabi_dsub
                0x0000000008100534                __subdf3
                0x0000000008100538                __aeabi_dadd
                0x0000000008100538                __adddf3
                0x00000000081007b0                __floatunsidf
                0x00000000081007b0                __aeabi_ui2d
                0x00000000081007d0                __floatsidf
                0x00000000081007d0                __aeabi_i2d
                0x00000000081007f4                __aeabi_f2d
                0x00000000081007f4                __extendsfdf2
                0x0000000008100838                __floatundidf
                0x0000000008100838                __aeabi_ul2d
                0x0000000008100848                __floatdidf
                0x0000000008100848                __aeabi_l2d
 .text          0x00000000081008a4      0x110 c:/st/stm32cubeide_1.11.0/stm32cubeide/plugins/com.st.stm32cube.ide.mcu.externaltools.gnu-tools-for-stm32.10.3-2021.10.win32_1.0.100.202210260954/tools/bin/../lib/gcc/arm-none-eabi/10.3.1/thumb/v7e-m+dp/hard\libgcc.a(_arm_cmpdf2.o)
                0x00000000081008a4                __gtdf2
                0x00000000081008a4                __gedf2
                0x00000000081008ac                __ltdf2
                0x00000000081008ac                __ledf2
                0x00000000081008b4                __nedf2
                0x00000000081008b4                __eqdf2
                0x00000000081008b4                __cmpdf2
                0x0000000008100930                __aeabi_cdrcmple
                0x0000000008100940                __aeabi_cdcmpeq
                0x0000000008100940                __aeabi_cdcmple
                0x0000000008100950                __aeabi_dcmpeq
                0x0000000008100964                __aeabi_dcmplt
                0x0000000008100978                __aeabi_dcmple
                0x000000000810098c                __aeabi_dcmpge
                0x00000000081009a0                __aeabi_dcmpgt
 .text          0x00000000081009b4       0x50 c:/st/stm32cubeide_1.11.0/stm32cubeide/plugins/com.st.stm32cube.ide.mcu.externaltools.gnu-tools-for-stm32.10.3-2021.10.win32_1.0.100.202210260954/tools/bin/../lib/gcc/arm-none-eabi/10.3.1/thumb/v7e-m+dp/hard\libgcc.a(_arm_fixdfsi.o)
                0x00000000081009b4                __aeabi_d2iz
                0x00000000081009b4                __fixdfsi
 .text          0x0000000008100a04       0x40 c:/st/stm32cubeide_1.11.0/stm32cubeide/plugins/com.st.stm32cube.ide.mcu.externaltools.gnu-tools-for-stm32.10.3-2021.10.win32_1.0.100.202210260954/tools/bin/../lib/gcc/arm-none-eabi/10.3.1/thumb/v7e-m+dp/hard\libgcc.a(_arm_fixunsdfsi.o)
                0x0000000008100a04                __aeabi_d2uiz
                0x0000000008100a04                __fixunsdfsi
 .text          0x0000000008100a44       0xa0 c:/st/stm32cubeide_1.11.0/stm32cubeide/plugins/com.st.stm32cube.ide.mcu.externaltools.gnu-tools-for-stm32.10.3-2021.10.win32_1.0.100.202210260954/tools/bin/../lib/gcc/arm-none-eabi/10.3.1/thumb/v7e-m+dp/hard\libgcc.a(_arm_truncdfsf2.o)
                0x0000000008100a44                __truncdfsf2
                0x0000000008100a44                __aeabi_d2f
 .text          0x0000000008100ae4       0x30 c:/st/stm32cubeide_1.11.0/stm32cubeide/plugins/com.st.stm32cube.ide.mcu.externaltools.gnu-tools-for-stm32.10.3-2021.10.win32_1.0.100.202210260954/tools/bin/../lib/gcc/arm-none-eabi/10.3.1/thumb/v7e-m+dp/hard\libgcc.a(_aeabi_uldivmod.o)
                0x0000000008100ae4                __aeabi_uldivmod
 .text          0x0000000008100b14      0x2d0 c:/st/stm32cubeide_1.11.0/stm32cubeide/plugins/com.st.stm32cube.ide.mcu.externaltools.gnu-tools-for-stm32.10.3-2021.10.win32_1.0.100.202210260954/tools/bin/../lib/gcc/arm-none-eabi/10.3.1/thumb/v7e-m+dp/hard\libgcc.a(_udivmoddi4.o)
                0x0000000008100b14                __udivmoddi4
 .text          0x0000000008100de4        0x4 c:/st/stm32cubeide_1.11.0/stm32cubeide/plugins/com.st.stm32cube.ide.mcu.externaltools.gnu-tools-for-stm32.10.3-2021.10.win32_1.0.100.202210260954/tools/bin/../lib/gcc/arm-none-eabi/10.3.1/thumb/v7e-m+dp/hard\libgcc.a(_dvmd_tls.o)
                0x0000000008100de4                __aeabi_idiv0
                0x0000000008100de4                __aeabi_ldiv0
 *(.text*)
 .text._ZN9BspAnalog13InitializeAdcEv
                0x0000000008100de8      0x350 ./BoardSupport/BspAnalog.o
                0x0000000008100de8                BspAnalog::InitializeAdc()
 .text._ZN9BspAnalog12SetupChannelEccPNS_10AnalogTypeE
                0x0000000008101138      0x130 ./BoardSupport/BspAnalog.o
                0x0000000008101138                BspAnalog::SetupChannel(char, char, BspAnalog::AnalogType*)
 .text._ZN9BspAnalog18InitializeExternalEv
                0x0000000008101268        0xc ./BoardSupport/BspAnalog.o
                0x0000000008101268                BspAnalog::InitializeExternal()
 .text._ZN9BspAnalog20SetupExternalChannelEcPNS_18ExternalAnalogTypeE
                0x0000000008101274       0x60 ./BoardSupport/BspAnalog.o
                0x0000000008101274                BspAnalog::SetupExternalChannel(char, BspAnalog::ExternalAnalogType*)
 .text._ZN9BspAnalog13InitializeDacEv
                0x00000000081012d4       0x8c ./BoardSupport/BspAnalog.o
                0x00000000081012d4                BspAnalog::InitializeDac()
 .text._ZN6BspCan10InitializeEv
                0x0000000008101360      0x1ac ./BoardSupport/BspCan.o
                0x0000000008101360                BspCan::Initialize()
 .text._ZN6BspCan9SubscribeEmb
                0x000000000810150c       0x74 ./BoardSupport/BspCan.o
                0x000000000810150c                BspCan::Subscribe(unsigned long, bool)
 .text._ZN6BspCan7GetDataEcPmPhS0_Pb
                0x0000000008101580       0xe4 ./BoardSupport/BspCan.o
                0x0000000008101580                BspCan::GetData(char, unsigned long*, unsigned char*, unsigned long*, bool*)
 .text._ZN6BspCan15CheckForNewDataEc
                0x0000000008101664       0x2c ./BoardSupport/BspCan.o
                0x0000000008101664                BspCan::CheckForNewData(char)
 .text._ZN6BspCan11GetTxHandleEv
                0x0000000008101690       0x18 ./BoardSupport/BspCan.o
                0x0000000008101690                BspCan::GetTxHandle()
 .text._ZN6BspCan8TransmitEcmPmhb
                0x00000000081016a8       0xd4 ./BoardSupport/BspCan.o
                0x00000000081016a8                BspCan::Transmit(char, unsigned long, unsigned long*, unsigned char, bool)
 .text._ZN8BspClock10InitializeEll
                0x000000000810177c       0xb4 ./BoardSupport/BspClock.o
                0x000000000810177c                BspClock::Initialize(long, long)
 .text._ZN6BspDma10InitializeEv
                0x0000000008101830       0xd8 ./BoardSupport/BspDma.o
                0x0000000008101830                BspDma::Initialize()
 .text._ZN6BspDma14SetupTxChannelEhPmS0_ht
                0x0000000008101908       0x6c ./BoardSupport/BspDma.o
                0x0000000008101908                BspDma::SetupTxChannel(unsigned char, unsigned long*, unsigned long*, unsigned char, unsigned short)
 .text._ZN6BspDma14SetupRxChannelEhPmS0_ht
                0x0000000008101974       0x6c ./BoardSupport/BspDma.o
                0x0000000008101974                BspDma::SetupRxChannel(unsigned char, unsigned long*, unsigned long*, unsigned char, unsigned short)
 .text._ZN8BspFlash10InitializeEv
                0x00000000081019e0       0x60 ./BoardSupport/BspFlash.o
                0x00000000081019e0                BspFlash::Initialize()
 .text._ZN8BspFlash5WriteEv
                0x0000000008101a40      0x1f4 ./BoardSupport/BspFlash.o
                0x0000000008101a40                BspFlash::Write()
 .text._ZN5BspIo10InitializeEv
                0x0000000008101c34      0xd5c ./BoardSupport/BspIo.o
                0x0000000008101c34                BspIo::Initialize()
 .text._ZN6BspPwm13DummyFunctionEv
                0x0000000008102990        0x4 ./BoardSupport/BspPwm.o
                0x0000000008102990                BspPwm::DummyFunction()
 .text._ZN6BspPwm10InitializeEv
                0x0000000008102994       0x70 ./BoardSupport/BspPwm.o
                0x0000000008102994                BspPwm::Initialize()
 .text._ZN6BspPwm13SetupFixedPwmEhmt
                0x0000000008102a04       0x70 ./BoardSupport/BspPwm.o
                0x0000000008102a04                BspPwm::SetupFixedPwm(unsigned char, unsigned long, unsigned short)
 .text._ZN6BspPwm14SetupSwitchPwmEmtPFvvEh
                0x0000000008102a74       0xcc ./BoardSupport/BspPwm.o
                0x0000000008102a74                BspPwm::SetupSwitchPwm(unsigned long, unsigned short, void (*)(), unsigned char)
 .text.TIM1_UP_IRQHandler
                0x0000000008102b40       0x18 ./BoardSupport/BspPwm.o
                0x0000000008102b40                TIM1_UP_IRQHandler
 .text._ZN6BspSpi10InitializeEcmPPVtPPVhPPt
                0x0000000008102b58      0x230 ./BoardSupport/BspSpi.o
                0x0000000008102b58                BspSpi::Initialize(char, unsigned long, unsigned short volatile**, unsigned char volatile**, unsigned short**)
 .text._ZN8BspTimer13DummyFunctionEv
                0x0000000008102d88        0x4 ./BoardSupport/BspTimer.o
                0x0000000008102d88                BspTimer::DummyFunction()
 .text._ZN8BspTimer10InitializeEv
                0x0000000008102d8c      0x124 ./BoardSupport/BspTimer.o
                0x0000000008102d8c                BspTimer::Initialize()
 .text._ZN8BspTimer5SetupEmPFvvEhb
                0x0000000008102eb0       0xd8 ./BoardSupport/BspTimer.o
                0x0000000008102eb0                BspTimer::Setup(unsigned long, void (*)(), unsigned char, bool)
 .text._ZN8BspTimer12SetupLpTimerEm
                0x0000000008102f88       0x88 ./BoardSupport/BspTimer.o
                0x0000000008102f88                BspTimer::SetupLpTimer(unsigned long)
 .text._ZN8BspTimer23SetupFreeRunningCounterEv
                0x0000000008103010       0x48 ./BoardSupport/BspTimer.o
                0x0000000008103010                BspTimer::SetupFreeRunningCounter()
 .text.TIM6_DAC_IRQHandler
                0x0000000008103058       0x18 ./BoardSupport/BspTimer.o
                0x0000000008103058                TIM6_DAC_IRQHandler
 .text.TIM7_IRQHandler
                0x0000000008103070       0x18 ./BoardSupport/BspTimer.o
                0x0000000008103070                TIM7_IRQHandler
 .text._ZN9SlowTimer13DummyFunctionEv
                0x0000000008103088        0x4 ./BoardSupport/SlowTimer.o
                0x0000000008103088                SlowTimer::DummyFunction()
 .text._ZN9SlowTimer10InitializeEv
                0x000000000810308c       0x68 ./BoardSupport/SlowTimer.o
                0x000000000810308c                SlowTimer::Initialize()
 .text._ZN9SlowTimer5SetupElPFvvE
                0x00000000081030f4       0x3c ./BoardSupport/SlowTimer.o
                0x00000000081030f4                SlowTimer::Setup(long, void (*)())
 .text._ZN9SlowTimer6UpdateEv
                0x0000000008103130       0x30 ./BoardSupport/SlowTimer.o
                0x0000000008103130                SlowTimer::Update()
 .text._ZN7DataMan10InitializeEv
                0x0000000008103160      0x18c ./Code/DataMan.o
                0x0000000008103160                DataMan::Initialize()
 .text._ZN7DataMan9WriteDataEmhbbm
                0x00000000081032ec      0x214 ./Code/DataMan.o
                0x00000000081032ec                DataMan::WriteData(unsigned long, unsigned char, bool, bool, unsigned long)
 .text._ZN7DataMan7GetDataEmhbb
                0x0000000008103500       0xdc ./Code/DataMan.o
                0x0000000008103500                DataMan::GetData(unsigned long, unsigned char, bool, bool)
 .text._ZN7DataMan10GetAddressEmhbb
                0x00000000081035dc       0xb8 ./Code/DataMan.o
                0x00000000081035dc                DataMan::GetAddress(unsigned long, unsigned char, bool, bool)
 .text._ZN7DataMan21SendDefaultCanPacketsEv
                0x0000000008103694      0x290 ./Code/DataMan.o
                0x0000000008103694                DataMan::SendDefaultCanPackets()
 .text._ZN7DataMan5LogicEv
                0x0000000008103924       0x8c ./Code/DataMan.o
                0x0000000008103924                DataMan::Logic()
 .text._ZN4Fccp17BoolRisingTriggerEv
                0x00000000081039b0       0x24 ./Code/Fccp.o
                0x00000000081039b0                Fccp::BoolRisingTrigger()
 .text._ZN4Fccp18BoolFallingTriggerEv
                0x00000000081039d4       0x20 ./Code/Fccp.o
                0x00000000081039d4                Fccp::BoolFallingTrigger()
 .text._ZN4Fccp17Int8RisingTriggerEv
                0x00000000081039f4       0x2c ./Code/Fccp.o
                0x00000000081039f4                Fccp::Int8RisingTrigger()
 .text._ZN4Fccp18Int8FallingTriggerEv
                0x0000000008103a20       0x20 ./Code/Fccp.o
                0x0000000008103a20                Fccp::Int8FallingTrigger()
 .text._ZN4Fccp18Int16RisingTriggerEv
                0x0000000008103a40       0x30 ./Code/Fccp.o
                0x0000000008103a40                Fccp::Int16RisingTrigger()
 .text._ZN4Fccp19Int16FallingTriggerEv
                0x0000000008103a70       0x24 ./Code/Fccp.o
                0x0000000008103a70                Fccp::Int16FallingTrigger()
 .text._ZN4Fccp18Int32RisingTriggerEv
                0x0000000008103a94       0x2c ./Code/Fccp.o
                0x0000000008103a94                Fccp::Int32RisingTrigger()
 .text._ZN4Fccp19Int32FallingTriggerEv
                0x0000000008103ac0       0x20 ./Code/Fccp.o
                0x0000000008103ac0                Fccp::Int32FallingTrigger()
 .text._ZN4Fccp18FloatRisingTriggerEv
                0x0000000008103ae0       0x38 ./Code/Fccp.o
                0x0000000008103ae0                Fccp::FloatRisingTrigger()
 .text._ZN4Fccp19FloatFallingTriggerEv
                0x0000000008103b18       0x2c ./Code/Fccp.o
                0x0000000008103b18                Fccp::FloatFallingTrigger()
 .text._ZN4Fccp10InitializeEv
                0x0000000008103b44       0xa8 ./Code/Fccp.o
                0x0000000008103b44                Fccp::Initialize()
 .text._ZN4Fccp22SubscribePacketHandlerEv
                0x0000000008103bec      0x608 ./Code/Fccp.o
                0x0000000008103bec                Fccp::SubscribePacketHandler()
 .text._ZN4Fccp21SnapshotPacketHandlerEv
                0x00000000081041f4      0x3d8 ./Code/Fccp.o
                0x00000000081041f4                Fccp::SnapshotPacketHandler()
 .text._ZN4Fccp5LogicEv
                0x00000000081045cc      0x10c ./Code/Fccp.o
                0x00000000081045cc                Fccp::Logic()
 .text._ZN11ProcLoading10InitializeEv
                0x00000000081046d8        0x4 ./Code/Loading.o
                0x00000000081046d8                ProcLoading::Initialize()
 .text._ZN11ProcLoading17UpdateEverySecondEm
                0x00000000081046dc      0x1a8 ./Code/Loading.o
                0x00000000081046dc                ProcLoading::UpdateEverySecond(unsigned long)
 .text._ZN12MotorControl10InitializeEv
                0x0000000008104884      0x114 ./Code/Motor.o
                0x0000000008104884                MotorControl::Initialize()
 .text._ZN12MotorControl14MeasureCurrentEv
                0x0000000008104998      0x180 ./Code/Motor.o
                0x0000000008104998                MotorControl::MeasureCurrent()
 .text._ZN12MotorControl17CalculatePositionEv
                0x0000000008104b18      0x308 ./Code/Motor.o
                0x0000000008104b18                MotorControl::CalculatePosition()
 .text._ZN12MotorControl18ComputeOutputSinesEv
                0x0000000008104e20       0xe4 ./Code/Motor.o
                0x0000000008104e20                MotorControl::ComputeOutputSines()
 .text._ZN12MotorControl13SpeedGovernorEv
                0x0000000008104f04      0x118 ./Code/Motor.o
                0x0000000008104f04                MotorControl::SpeedGovernor()
 .text._ZN12MotorControl12SimpleVectorEv
                0x000000000810501c      0x1f0 ./Code/Motor.o
                0x000000000810501c                MotorControl::SimpleVector()
 .text._ZN12MotorControl13SetDutyCyclesEv
                0x000000000810520c      0x134 ./Code/Motor.o
                0x000000000810520c                MotorControl::SetDutyCycles()
 .text._ZN12MotorControl5LogicEv
                0x0000000008105340      0x58c ./Code/Motor.o
                0x0000000008105340                MotorControl::Logic()
 .text._ZN12MotorControl8OkToSaveEv
                0x00000000081058cc       0x40 ./Code/Motor.o
                0x00000000081058cc                MotorControl::OkToSave()
 .text._ZN4Main8PwmFunctEv
                0x000000000810590c       0xac ./Code/main.o
                0x000000000810590c                Main::PwmFunct()
 .text._ZN4Main7Tick_1sEv
                0x00000000081059b8        0x4 ./Code/main.o
                0x00000000081059b8                Main::Tick_1s()
 .text._ZN4Main8Tick_10sEv
                0x00000000081059bc        0x4 ./Code/main.o
                0x00000000081059bc                Main::Tick_10s()
 .text._ZN4Main9Tick_10msEv
                0x00000000081059c0       0x10 ./Code/main.o
                0x00000000081059c0                Main::Tick_10ms()
 .text._ZN4Main10Tick_100msEv
                0x00000000081059d0        0x4 ./Code/main.o
                0x00000000081059d0                Main::Tick_100ms()
 .text.startup.main
                0x00000000081059d4      0x148 ./Code/main.o
                0x00000000081059d4                main
 .text.HardFault_Handler
                0x0000000008105b1c       0x10 ./Code/main.o
                0x0000000008105b1c                HardFault_Handler
 .text.MemManage_Handler
                0x0000000008105b2c        0x4 ./Code/main.o
                0x0000000008105b2c                MemManage_Handler
 .text.BusFault_Handler
                0x0000000008105b30        0x4 ./Code/main.o
                0x0000000008105b30                BusFault_Handler
 .text.UsageFault_Handler
                0x0000000008105b34        0x4 ./Code/main.o
                0x0000000008105b34                UsageFault_Handler
 .text.Reset_Handler
                0x0000000008105b38       0x50 ./Startup/startup_stm32h747xihx.o
                0x0000000008105b38                Reset_Handler
 .text.Default_Handler
                0x0000000008105b88        0x2 ./Startup/startup_stm32h747xihx.o
                0x0000000008105b88                RTC_Alarm_IRQHandler
                0x0000000008105b88                EXTI2_IRQHandler
                0x0000000008105b88                TIM8_CC_IRQHandler
                0x0000000008105b88                HRTIM1_Master_IRQHandler
                0x0000000008105b88                DebugMon_Handler
                0x0000000008105b88                UART8_IRQHandler
                0x0000000008105b88                SPI4_IRQHandler
                0x0000000008105b88                TIM1_CC_IRQHandler
                0x0000000008105b88                BDMA_Channel6_IRQHandler
                0x0000000008105b88                DMA2_Stream5_IRQHandler
                0x0000000008105b88                HRTIM1_FLT_IRQHandler
                0x0000000008105b88                JPEG_IRQHandler
                0x0000000008105b88                DMA1_Stream5_IRQHandler
                0x0000000008105b88                SysTick_Handler
                0x0000000008105b88                BDMA_Channel1_IRQHandler
                0x0000000008105b88                HRTIM1_TIMD_IRQHandler
                0x0000000008105b88                TAMP_STAMP_IRQHandler
                0x0000000008105b88                PendSV_Handler
                0x0000000008105b88                NMI_Handler
                0x0000000008105b88                EXTI3_IRQHandler
                0x0000000008105b88                LPTIM4_IRQHandler
                0x0000000008105b88                TIM8_TRG_COM_TIM14_IRQHandler
                0x0000000008105b88                LPTIM2_IRQHandler
                0x0000000008105b88                DFSDM1_FLT1_IRQHandler
                0x0000000008105b88                DMAMUX2_OVR_IRQHandler
                0x0000000008105b88                TIM8_UP_TIM13_IRQHandler
                0x0000000008105b88                I2C3_ER_IRQHandler
                0x0000000008105b88                DFSDM1_FLT2_IRQHandler
                0x0000000008105b88                MDMA_IRQHandler
                0x0000000008105b88                LPTIM3_IRQHandler
                0x0000000008105b88                HSEM1_IRQHandler
                0x0000000008105b88                EXTI0_IRQHandler
                0x0000000008105b88                I2C2_EV_IRQHandler
                0x0000000008105b88                DMA1_Stream2_IRQHandler
                0x0000000008105b88                FPU_IRQHandler
                0x0000000008105b88                OTG_HS_WKUP_IRQHandler
                0x0000000008105b88                FDCAN1_IT1_IRQHandler
                0x0000000008105b88                LTDC_ER_IRQHandler
                0x0000000008105b88                DMA2_Stream2_IRQHandler
                0x0000000008105b88                HRTIM1_TIME_IRQHandler
                0x0000000008105b88                SPI1_IRQHandler
                0x0000000008105b88                DCMI_IRQHandler
                0x0000000008105b88                HRTIM1_TIMC_IRQHandler
                0x0000000008105b88                DMA2_Stream3_IRQHandler
                0x0000000008105b88                SAI2_IRQHandler
                0x0000000008105b88                DFSDM1_FLT3_IRQHandler
                0x0000000008105b88                USART6_IRQHandler
                0x0000000008105b88                TIM17_IRQHandler
                0x0000000008105b88                USART3_IRQHandler
                0x0000000008105b88                BDMA_Channel7_IRQHandler
                0x0000000008105b88                LPTIM5_IRQHandler
                0x0000000008105b88                UART5_IRQHandler
                0x0000000008105b88                ADC3_IRQHandler
                0x0000000008105b88                DMA2_Stream0_IRQHandler
                0x0000000008105b88                TIM4_IRQHandler
                0x0000000008105b88                BDMA_Channel2_IRQHandler
                0x0000000008105b88                QUADSPI_IRQHandler
                0x0000000008105b88                I2C1_EV_IRQHandler
                0x0000000008105b88                DMA1_Stream6_IRQHandler
                0x0000000008105b88                DMAMUX1_OVR_IRQHandler
                0x0000000008105b88                DMA1_Stream1_IRQHandler
                0x0000000008105b88                TIM16_IRQHandler
                0x0000000008105b88                UART4_IRQHandler
                0x0000000008105b88                BDMA_Channel5_IRQHandler
                0x0000000008105b88                TIM3_IRQHandler
                0x0000000008105b88                RCC_IRQHandler
                0x0000000008105b88                TIM8_BRK_TIM12_IRQHandler
                0x0000000008105b88                TIM1_TRG_COM_IRQHandler
                0x0000000008105b88                Default_Handler
                0x0000000008105b88                ECC_IRQHandler
                0x0000000008105b88                CEC_IRQHandler
                0x0000000008105b88                EXTI15_10_IRQHandler
                0x0000000008105b88                BDMA_Channel0_IRQHandler
                0x0000000008105b88                ADC_IRQHandler
                0x0000000008105b88                DMA1_Stream7_IRQHandler
                0x0000000008105b88                HRTIM1_TIMA_IRQHandler
                0x0000000008105b88                SPI5_IRQHandler
                0x0000000008105b88                SDMMC1_IRQHandler
                0x0000000008105b88                TIM5_IRQHandler
                0x0000000008105b88                DMA2_Stream7_IRQHandler
                0x0000000008105b88                TIM15_IRQHandler
                0x0000000008105b88                PVD_AVD_IRQHandler
                0x0000000008105b88                I2C3_EV_IRQHandler
                0x0000000008105b88                EXTI9_5_IRQHandler
                0x0000000008105b88                RTC_WKUP_IRQHandler
                0x0000000008105b88                LTDC_IRQHandler
                0x0000000008105b88                SAI3_IRQHandler
                0x0000000008105b88                ETH_WKUP_IRQHandler
                0x0000000008105b88                SPDIF_RX_IRQHandler
                0x0000000008105b88                SPI2_IRQHandler
                0x0000000008105b88                OTG_HS_EP1_IN_IRQHandler
                0x0000000008105b88                DMA1_Stream0_IRQHandler
                0x0000000008105b88                SVC_Handler
                0x0000000008105b88                CRS_IRQHandler
                0x0000000008105b88                CM7_SEV_IRQHandler
                0x0000000008105b88                EXTI4_IRQHandler
                0x0000000008105b88                RNG_IRQHandler
                0x0000000008105b88                CM4_SEV_IRQHandler
                0x0000000008105b88                HRTIM1_TIMB_IRQHandler
                0x0000000008105b88                FDCAN2_IT1_IRQHandler
                0x0000000008105b88                DSI_IRQHandler
                0x0000000008105b88                ETH_IRQHandler
                0x0000000008105b88                WWDG_RST_IRQHandler
                0x0000000008105b88                BDMA_Channel4_IRQHandler
                0x0000000008105b88                OTG_HS_EP1_OUT_IRQHandler
                0x0000000008105b88                WWDG_IRQHandler
                0x0000000008105b88                SPI6_IRQHandler
                0x0000000008105b88                MDIOS_IRQHandler
                0x0000000008105b88                I2C4_EV_IRQHandler
                0x0000000008105b88                FDCAN2_IT0_IRQHandler
                0x0000000008105b88                LPUART1_IRQHandler
                0x0000000008105b88                FDCAN1_IT0_IRQHandler
                0x0000000008105b88                TIM2_IRQHandler
                0x0000000008105b88                OTG_FS_WKUP_IRQHandler
                0x0000000008105b88                OTG_HS_IRQHandler
                0x0000000008105b88                HSEM2_IRQHandler
                0x0000000008105b88                DMA2D_IRQHandler
                0x0000000008105b88                TIM1_BRK_IRQHandler
                0x0000000008105b88                EXTI1_IRQHandler
                0x0000000008105b88                SDMMC2_IRQHandler
                0x0000000008105b88                OTG_FS_EP1_OUT_IRQHandler
                0x0000000008105b88                BDMA_Channel3_IRQHandler
                0x0000000008105b88                HOLD_CORE_IRQHandler
                0x0000000008105b88                UART7_IRQHandler
                0x0000000008105b88                MDIOS_WKUP_IRQHandler
                0x0000000008105b88                USART2_IRQHandler
                0x0000000008105b88                DFSDM1_FLT0_IRQHandler
                0x0000000008105b88                SAI4_IRQHandler
                0x0000000008105b88                I2C2_ER_IRQHandler
                0x0000000008105b88                DMA2_Stream1_IRQHandler
                0x0000000008105b88                FLASH_IRQHandler
                0x0000000008105b88                DMA2_Stream4_IRQHandler
                0x0000000008105b88                USART1_IRQHandler
                0x0000000008105b88                OTG_FS_IRQHandler
                0x0000000008105b88                SPI3_IRQHandler
                0x0000000008105b88                WAKEUP_PIN_IRQHandler
                0x0000000008105b88                DMA1_Stream4_IRQHandler
                0x0000000008105b88                OTG_FS_EP1_IN_IRQHandler
                0x0000000008105b88                I2C1_ER_IRQHandler
                0x0000000008105b88                FMC_IRQHandler
                0x0000000008105b88                FDCAN_CAL_IRQHandler
                0x0000000008105b88                SWPMI1_IRQHandler
                0x0000000008105b88                COMP1_IRQHandler
                0x0000000008105b88                LPTIM1_IRQHandler
                0x0000000008105b88                I2C4_ER_IRQHandler
                0x0000000008105b88                DMA2_Stream6_IRQHandler
                0x0000000008105b88                SAI1_IRQHandler
                0x0000000008105b88                DMA1_Stream3_IRQHandler
 *fill*         0x0000000008105b8a        0x2 
 .text.SystemInit
                0x0000000008105b8c       0x24 ./Startup/system_stm32h7xx.o
                0x0000000008105b8c                SystemInit
 .text.XcpEvent
                0x0000000008105bb0      0x194 ./ThirdParty/XcpBasic.o
                0x0000000008105bb0                XcpEvent
 .text.XcpCommand
                0x0000000008105d44      0x80c ./ThirdParty/XcpBasic.o
                0x0000000008105d44                XcpCommand
 .text.XcpSendCallBack
                0x0000000008106550        0x4 ./ThirdParty/XcpBasic.o
                0x0000000008106550                XcpSendCallBack
 .text.XcpInit  0x0000000008106554       0x20 ./ThirdParty/XcpBasic.o
                0x0000000008106554                XcpInit
 .text.DoNothing
                0x0000000008106574        0x4 ./ThirdParty/xcp_par.o
                0x0000000008106574                DoNothing
 .text._Z13InitializeXcpv
                0x0000000008106578       0x2c ./ThirdParty/xcp_par.o
                0x0000000008106578                InitializeXcp()
 .text._Z13Xcp_10ms_Tickv
                0x00000000081065a4       0x50 ./ThirdParty/xcp_par.o
                0x00000000081065a4                Xcp_10ms_Tick()
 .text.ApplXcpSend
                0x00000000081065f4       0x2c ./ThirdParty/xcp_par.o
                0x00000000081065f4                ApplXcpSend
 .text.ApplXcpGetPointer
                0x0000000008106620       0x10 ./ThirdParty/xcp_par.o
                0x0000000008106620                ApplXcpGetPointer
 .text.ApplXcpGetCalPage
                0x0000000008106630       0x14 ./ThirdParty/xcp_par.o
                0x0000000008106630                ApplXcpGetCalPage
 .text.ApplXcpSetCalPage
                0x0000000008106644       0x34 ./ThirdParty/xcp_par.o
                0x0000000008106644                ApplXcpSetCalPage
 .text.ADCINP   0x0000000008106678      0x108 ./VectorModel/RemovedFunctions.o
                0x0000000008106678                ADCINP
 .text.POSINP   0x0000000008106780       0xb8 ./VectorModel/RemovedFunctions.o
                0x0000000008106780                POSINP
 .text.POSTRG   0x0000000008106838       0x30 ./VectorModel/RemovedFunctions.o
                0x0000000008106838                POSTRG
 .text.CLAPAR   0x0000000008106868       0x50 ./VectorModel/RemovedFunctions.o
                0x0000000008106868                CLAPAR
 .text.ADCINP_initialize
                0x00000000081068b8        0x4 ./VectorModel/RemovedFunctions.o
                0x00000000081068b8                ADCINP_initialize
 .text.POSINP_Init
                0x00000000081068bc        0x4 ./VectorModel/RemovedFunctions.o
                0x00000000081068bc                POSINP_Init
 .text.POSINP_initialize
                0x00000000081068c0        0x4 ./VectorModel/RemovedFunctions.o
                0x00000000081068c0                POSINP_initialize
 .text.POSTRG_initialize
                0x00000000081068c4        0x4 ./VectorModel/RemovedFunctions.o
                0x00000000081068c4                POSTRG_initialize
 .text.CLAPAR_initialize
                0x00000000081068c8        0x4 ./VectorModel/RemovedFunctions.o
                0x00000000081068c8                CLAPAR_initialize
 .text._ZN13VectorControl12UpdateConfigEv
                0x00000000081068cc      0x9cc ./VectorModel/VectorControl.o
                0x00000000081068cc                VectorControl::UpdateConfig()
 .text._ZN13VectorControl17UpdateInputsToXcpEv
                0x0000000008107298      0x174 ./VectorModel/VectorControl.o
                0x0000000008107298                VectorControl::UpdateInputsToXcp()
 .text._ZN13VectorControl20UpdateOutputsFromXcpEv
                0x000000000810740c      0x298 ./VectorModel/VectorControl.o
                0x000000000810740c                VectorControl::UpdateOutputsFromXcp()
 .text.CURCTL   0x00000000081076a4      0x308 ./VectorModel/build/src/CURCTL.o
                0x00000000081076a4                CURCTL
 .text.CURCTL_initialize
                0x00000000081079ac        0xc ./VectorModel/build/src/CURCTL.o
                0x00000000081079ac                CURCTL_initialize
 .text.Debounce_G4uuGAfd_Init
                0x00000000081079b8        0x8 ./VectorModel/build/src/Debounce_G4uuGAfd.o
                0x00000000081079b8                Debounce_G4uuGAfd_Init
 .text.Debounce_G4uuGAfd
                0x00000000081079c0       0xb8 ./VectorModel/build/src/Debounce_G4uuGAfd.o
                0x00000000081079c0                Debounce_G4uuGAfd
 .text.FallingDebounce_RDghcENM_Init
                0x0000000008107a78        0x8 ./VectorModel/build/src/FallingDebounce_RDghcENM.o
                0x0000000008107a78                FallingDebounce_RDghcENM_Init
 .text.FallingDebounce_RDghcENM
                0x0000000008107a80       0x78 ./VectorModel/build/src/FallingDebounce_RDghcENM.o
                0x0000000008107a80                FallingDebounce_RDghcENM
 .text.GATOUP   0x0000000008107af8      0x260 ./VectorModel/build/src/GATOUP.o
                0x0000000008107af8                GATOUP
 .text.GATOUP_initialize
                0x0000000008107d58       0x14 ./VectorModel/build/src/GATOUP.o
                0x0000000008107d58                GATOUP_initialize
 .text.INVCPA   0x0000000008107d6c       0xf4 ./VectorModel/build/src/INVCPA.o
                0x0000000008107d6c                INVCPA
 .text.INVCPA_initialize
                0x0000000008107e60        0xc ./VectorModel/build/src/INVCPA.o
                0x0000000008107e60                INVCPA_initialize
 .text.LowPassFilter_0O6LwJpz
                0x0000000008107e6c       0x44 ./VectorModel/build/src/LowPassFilter_0O6LwJpz.o
                0x0000000008107e6c                LowPassFilter_0O6LwJpz
 .text.MEDINP_Init
                0x0000000008107eb0        0xc ./VectorModel/build/src/MEDINP.o
                0x0000000008107eb0                MEDINP_Init
 .text.MEDINP_Start
                0x0000000008107ebc        0x4 ./VectorModel/build/src/MEDINP.o
                0x0000000008107ebc                MEDINP_Start
 .text.MEDINP   0x0000000008107ec0      0x248 ./VectorModel/build/src/MEDINP.o
                0x0000000008107ec0                MEDINP
 .text.MEDINP_initialize
                0x0000000008108108       0x14 ./VectorModel/build/src/MEDINP.o
                0x0000000008108108                MEDINP_initialize
 .text.MEDOUP   0x000000000810811c      0x188 ./VectorModel/build/src/MEDOUP.o
                0x000000000810811c                MEDOUP
 .text.MEDOUP_initialize
                0x00000000081082a4        0xc ./VectorModel/build/src/MEDOUP.o
                0x00000000081082a4                MEDOUP_initialize
 .text.MODCTL   0x00000000081082b0      0x270 ./VectorModel/build/src/MODCTL.o
                0x00000000081082b0                MODCTL
 .text.MODCTL_initialize
                0x0000000008108520        0xc ./VectorModel/build/src/MODCTL.o
                0x0000000008108520                MODCTL_initialize
 .text.P2319ASW01_Current_Control
                0x000000000810852c      0x124 ./VectorModel/build/src/P2319ASW01.o
                0x000000000810852c                P2319ASW01_Current_Control
 .text.P2319ASW01_step0
                0x0000000008108650       0xdc ./VectorModel/build/src/P2319ASW01.o
                0x0000000008108650                P2319ASW01_step0
 .text.P2319ASW01_step1
                0x000000000810872c      0x134 ./VectorModel/build/src/P2319ASW01.o
                0x000000000810872c                P2319ASW01_step1
 .text.P2319ASW01_step2
                0x0000000008108860      0x154 ./VectorModel/build/src/P2319ASW01.o
                0x0000000008108860                P2319ASW01_step2
 .text.P2319ASW01_initialize
                0x00000000081089b4       0xa0 ./VectorModel/build/src/P2319ASW01.o
                0x00000000081089b4                P2319ASW01_initialize
 .text.RateLimit_8K29mxJB
                0x0000000008108a54       0x40 ./VectorModel/build/src/RateLimit_8K29mxJB.o
                0x0000000008108a54                RateLimit_8K29mxJB
 .text.SLWINP_Init
                0x0000000008108a94       0x18 ./VectorModel/build/src/SLWINP.o
                0x0000000008108a94                SLWINP_Init
 .text.SLWINP   0x0000000008108aac      0x2b0 ./VectorModel/build/src/SLWINP.o
                0x0000000008108aac                SLWINP
 .text.SLWINP_initialize
                0x0000000008108d5c        0xc ./VectorModel/build/src/SLWINP.o
                0x0000000008108d5c                SLWINP_initialize
 .text.SLWOUP   0x0000000008108d68      0x324 ./VectorModel/build/src/SLWOUP.o
                0x0000000008108d68                SLWOUP
 .text.SLWOUP_initialize
                0x000000000810908c        0xc ./VectorModel/build/src/SLWOUP.o
                0x000000000810908c                SLWOUP_initialize
 .text.SPDCTL   0x0000000008109098      0x254 ./VectorModel/build/src/SPDCTL.o
                0x0000000008109098                SPDCTL
 .text.SPDCTL_initialize
                0x00000000081092ec       0x14 ./VectorModel/build/src/SPDCTL.o
                0x00000000081092ec                SPDCTL_initialize
 .text.TRQCTL   0x0000000008109300      0x154 ./VectorModel/build/src/TRQCTL.o
                0x0000000008109300                TRQCTL
 .text.TRQCTL_initialize
                0x0000000008109454        0xc ./VectorModel/build/src/TRQCTL.o
                0x0000000008109454                TRQCTL_initialize
 .text.look1_iflf_binlxpw
                0x0000000008109460       0xd0 ./VectorModel/build/src/look1_iflf_binlxpw.o
                0x0000000008109460                look1_iflf_binlxpw
 .text.rtGetInf
                0x0000000008109530       0x10 ./VectorModel/build/src/rtGetInf.o
                0x0000000008109530                rtGetInf
 .text.rtGetInfF
                0x0000000008109540        0xc ./VectorModel/build/src/rtGetInf.o
                0x0000000008109540                rtGetInfF
 *fill*         0x000000000810954c        0x4 
 .text.rtGetMinusInf
                0x0000000008109550       0x10 ./VectorModel/build/src/rtGetInf.o
                0x0000000008109550                rtGetMinusInf
 .text.rtGetMinusInfF
                0x0000000008109560        0xc ./VectorModel/build/src/rtGetInf.o
                0x0000000008109560                rtGetMinusInfF
 *fill*         0x000000000810956c        0x4 
 .text.rtGetNaN
                0x0000000008109570       0x10 ./VectorModel/build/src/rtGetNaN.o
                0x0000000008109570                rtGetNaN
 .text.rtGetNaNF
                0x0000000008109580        0xc ./VectorModel/build/src/rtGetNaN.o
                0x0000000008109580                rtGetNaNF
 .text.rt_InitInfAndNaN
                0x000000000810958c       0x58 ./VectorModel/build/src/rt_nonfinite.o
                0x000000000810958c                rt_InitInfAndNaN
 .text.rtIsInf  0x00000000081095e4       0x3c ./VectorModel/build/src/rt_nonfinite.o
                0x00000000081095e4                rtIsInf
 .text.rtIsInfF
                0x0000000008109620       0x34 ./VectorModel/build/src/rt_nonfinite.o
                0x0000000008109620                rtIsInfF
 .text.rtIsNaN  0x0000000008109654       0x24 ./VectorModel/build/src/rt_nonfinite.o
                0x0000000008109654                rtIsNaN
 .text.rtIsNaNF
                0x0000000008109678       0x28 ./VectorModel/build/src/rt_nonfinite.o
                0x0000000008109678                rtIsNaNF
 .text.floor    0x00000000081096a0       0xe8 c:/st/stm32cubeide_1.11.0/stm32cubeide/plugins/com.st.stm32cube.ide.mcu.externaltools.gnu-tools-for-stm32.10.3-2021.10.win32_1.0.100.202210260954/tools/bin/../lib/gcc/arm-none-eabi/10.3.1/../../../../arm-none-eabi/lib/thumb/v7e-m+dp/hard\libm.a(lib_a-s_floor.o)
                0x00000000081096a0                floor
 .text.floorf   0x0000000008109788       0x84 c:/st/stm32cubeide_1.11.0/stm32cubeide/plugins/com.st.stm32cube.ide.mcu.externaltools.gnu-tools-for-stm32.10.3-2021.10.win32_1.0.100.202210260954/tools/bin/../lib/gcc/arm-none-eabi/10.3.1/../../../../arm-none-eabi/lib/thumb/v7e-m+dp/hard\libm.a(lib_a-sf_floor.o)
                0x0000000008109788                floorf
 .text.fmaxf    0x000000000810980c       0x36 c:/st/stm32cubeide_1.11.0/stm32cubeide/plugins/com.st.stm32cube.ide.mcu.externaltools.gnu-tools-for-stm32.10.3-2021.10.win32_1.0.100.202210260954/tools/bin/../lib/gcc/arm-none-eabi/10.3.1/../../../../arm-none-eabi/lib/thumb/v7e-m+dp/hard\libm.a(lib_a-sf_fmax.o)
                0x000000000810980c                fmaxf
 .text.fminf    0x0000000008109842       0x36 c:/st/stm32cubeide_1.11.0/stm32cubeide/plugins/com.st.stm32cube.ide.mcu.externaltools.gnu-tools-for-stm32.10.3-2021.10.win32_1.0.100.202210260954/tools/bin/../lib/gcc/arm-none-eabi/10.3.1/../../../../arm-none-eabi/lib/thumb/v7e-m+dp/hard\libm.a(lib_a-sf_fmin.o)
                0x0000000008109842                fminf
 .text.__fpclassifyf
                0x0000000008109878       0x38 c:/st/stm32cubeide_1.11.0/stm32cubeide/plugins/com.st.stm32cube.ide.mcu.externaltools.gnu-tools-for-stm32.10.3-2021.10.win32_1.0.100.202210260954/tools/bin/../lib/gcc/arm-none-eabi/10.3.1/../../../../arm-none-eabi/lib/thumb/v7e-m+dp/hard\libm.a(lib_a-sf_fpclassify.o)
                0x0000000008109878                __fpclassifyf
 .text.roundf   0x00000000081098b0       0x48 c:/st/stm32cubeide_1.11.0/stm32cubeide/plugins/com.st.stm32cube.ide.mcu.externaltools.gnu-tools-for-stm32.10.3-2021.10.win32_1.0.100.202210260954/tools/bin/../lib/gcc/arm-none-eabi/10.3.1/../../../../arm-none-eabi/lib/thumb/v7e-m+dp/hard\libm.a(lib_a-sf_round.o)
                0x00000000081098b0                roundf
 .text.fmod     0x00000000081098f8       0x48 c:/st/stm32cubeide_1.11.0/stm32cubeide/plugins/com.st.stm32cube.ide.mcu.externaltools.gnu-tools-for-stm32.10.3-2021.10.win32_1.0.100.202210260954/tools/bin/../lib/gcc/arm-none-eabi/10.3.1/../../../../arm-none-eabi/lib/thumb/v7e-m+dp/hard\libm.a(lib_a-w_fmod.o)
                0x00000000081098f8                fmod
 .text.fmodf    0x0000000008109940       0x40 c:/st/stm32cubeide_1.11.0/stm32cubeide/plugins/com.st.stm32cube.ide.mcu.externaltools.gnu-tools-for-stm32.10.3-2021.10.win32_1.0.100.202210260954/tools/bin/../lib/gcc/arm-none-eabi/10.3.1/../../../../arm-none-eabi/lib/thumb/v7e-m+dp/hard\libm.a(lib_a-wf_fmod.o)
                0x0000000008109940                fmodf
 .text.sqrtf    0x0000000008109980       0x3c c:/st/stm32cubeide_1.11.0/stm32cubeide/plugins/com.st.stm32cube.ide.mcu.externaltools.gnu-tools-for-stm32.10.3-2021.10.win32_1.0.100.202210260954/tools/bin/../lib/gcc/arm-none-eabi/10.3.1/../../../../arm-none-eabi/lib/thumb/v7e-m+dp/hard\libm.a(lib_a-wf_sqrt.o)
                0x0000000008109980                sqrtf
 .text.__ieee754_fmod
                0x00000000081099bc      0x224 c:/st/stm32cubeide_1.11.0/stm32cubeide/plugins/com.st.stm32cube.ide.mcu.externaltools.gnu-tools-for-stm32.10.3-2021.10.win32_1.0.100.202210260954/tools/bin/../lib/gcc/arm-none-eabi/10.3.1/../../../../arm-none-eabi/lib/thumb/v7e-m+dp/hard\libm.a(lib_a-e_fmod.o)
                0x00000000081099bc                __ieee754_fmod
 .text.__ieee754_fmodf
                0x0000000008109be0      0x104 c:/st/stm32cubeide_1.11.0/stm32cubeide/plugins/com.st.stm32cube.ide.mcu.externaltools.gnu-tools-for-stm32.10.3-2021.10.win32_1.0.100.202210260954/tools/bin/../lib/gcc/arm-none-eabi/10.3.1/../../../../arm-none-eabi/lib/thumb/v7e-m+dp/hard\libm.a(lib_a-ef_fmod.o)
                0x0000000008109be0                __ieee754_fmodf
 .text.__ieee754_sqrtf
                0x0000000008109ce4        0x6 c:/st/stm32cubeide_1.11.0/stm32cubeide/plugins/com.st.stm32cube.ide.mcu.externaltools.gnu-tools-for-stm32.10.3-2021.10.win32_1.0.100.202210260954/tools/bin/../lib/gcc/arm-none-eabi/10.3.1/../../../../arm-none-eabi/lib/thumb/v7e-m+dp/hard\libm.a(lib_a-ef_sqrt.o)
                0x0000000008109ce4                __ieee754_sqrtf
 *fill*         0x0000000008109cea        0x2 
 .text.__errno  0x0000000008109cec        0xc c:/st/stm32cubeide_1.11.0/stm32cubeide/plugins/com.st.stm32cube.ide.mcu.externaltools.gnu-tools-for-stm32.10.3-2021.10.win32_1.0.100.202210260954/tools/bin/../lib/gcc/arm-none-eabi/10.3.1/../../../../arm-none-eabi/lib/thumb/v7e-m+dp/hard\libc_nano.a(lib_a-errno.o)
                0x0000000008109cec                __errno
 .text.__libc_init_array
                0x0000000008109cf8       0x48 c:/st/stm32cubeide_1.11.0/stm32cubeide/plugins/com.st.stm32cube.ide.mcu.externaltools.gnu-tools-for-stm32.10.3-2021.10.win32_1.0.100.202210260954/tools/bin/../lib/gcc/arm-none-eabi/10.3.1/../../../../arm-none-eabi/lib/thumb/v7e-m+dp/hard\libc_nano.a(lib_a-init.o)
                0x0000000008109cf8                __libc_init_array
 .text.memset   0x0000000008109d40       0x10 c:/st/stm32cubeide_1.11.0/stm32cubeide/plugins/com.st.stm32cube.ide.mcu.externaltools.gnu-tools-for-stm32.10.3-2021.10.win32_1.0.100.202210260954/tools/bin/../lib/gcc/arm-none-eabi/10.3.1/../../../../arm-none-eabi/lib/thumb/v7e-m+dp/hard\libc_nano.a(lib_a-memset.o)
                0x0000000008109d40                memset
 *(.glue_7)
 .glue_7        0x0000000008109d50        0x0 linker stubs
 *(.glue_7t)
 .glue_7t       0x0000000008109d50        0x0 linker stubs
 *(.eh_frame)
 .eh_frame      0x0000000008109d50        0x0 c:/st/stm32cubeide_1.11.0/stm32cubeide/plugins/com.st.stm32cube.ide.mcu.externaltools.gnu-tools-for-stm32.10.3-2021.10.win32_1.0.100.202210260954/tools/bin/../lib/gcc/arm-none-eabi/10.3.1/thumb/v7e-m+dp/hard/crtbegin.o
 *(.init)
 .init          0x0000000008109d50        0x4 c:/st/stm32cubeide_1.11.0/stm32cubeide/plugins/com.st.stm32cube.ide.mcu.externaltools.gnu-tools-for-stm32.10.3-2021.10.win32_1.0.100.202210260954/tools/bin/../lib/gcc/arm-none-eabi/10.3.1/thumb/v7e-m+dp/hard/crti.o
                0x0000000008109d50                _init
 .init          0x0000000008109d54        0x8 c:/st/stm32cubeide_1.11.0/stm32cubeide/plugins/com.st.stm32cube.ide.mcu.externaltools.gnu-tools-for-stm32.10.3-2021.10.win32_1.0.100.202210260954/tools/bin/../lib/gcc/arm-none-eabi/10.3.1/thumb/v7e-m+dp/hard/crtn.o
 *(.fini)
 .fini          0x0000000008109d5c        0x4 c:/st/stm32cubeide_1.11.0/stm32cubeide/plugins/com.st.stm32cube.ide.mcu.externaltools.gnu-tools-for-stm32.10.3-2021.10.win32_1.0.100.202210260954/tools/bin/../lib/gcc/arm-none-eabi/10.3.1/thumb/v7e-m+dp/hard/crti.o
                0x0000000008109d5c                _fini
 .fini          0x0000000008109d60        0x8 c:/st/stm32cubeide_1.11.0/stm32cubeide/plugins/com.st.stm32cube.ide.mcu.externaltools.gnu-tools-for-stm32.10.3-2021.10.win32_1.0.100.202210260954/tools/bin/../lib/gcc/arm-none-eabi/10.3.1/thumb/v7e-m+dp/hard/crtn.o
                0x0000000008109d68                . = ALIGN (0x4)
                0x0000000008109d68                _etext = .

.vfp11_veneer   0x0000000008109d68        0x0
 .vfp11_veneer  0x0000000008109d68        0x0 linker stubs

.v4_bx          0x0000000008109d68        0x0
 .v4_bx         0x0000000008109d68        0x0 linker stubs

.iplt           0x0000000008109d68        0x0
 .iplt          0x0000000008109d68        0x0 c:/st/stm32cubeide_1.11.0/stm32cubeide/plugins/com.st.stm32cube.ide.mcu.externaltools.gnu-tools-for-stm32.10.3-2021.10.win32_1.0.100.202210260954/tools/bin/../lib/gcc/arm-none-eabi/10.3.1/thumb/v7e-m+dp/hard/crtbegin.o

.rodata         0x0000000008109d68       0x28
                0x0000000008109d68                . = ALIGN (0x4)
 *(.rodata)
 *(.rodata*)
 .rodata.INVCPA_ConstB
                0x0000000008109d68        0xc ./VectorModel/build/src/INVCPA_data.o
                0x0000000008109d68                INVCPA_ConstB
 *fill*         0x0000000008109d74        0x4 
 .rodata.Zero   0x0000000008109d78       0x10 c:/st/stm32cubeide_1.11.0/stm32cubeide/plugins/com.st.stm32cube.ide.mcu.externaltools.gnu-tools-for-stm32.10.3-2021.10.win32_1.0.100.202210260954/tools/bin/../lib/gcc/arm-none-eabi/10.3.1/../../../../arm-none-eabi/lib/thumb/v7e-m+dp/hard\libm.a(lib_a-e_fmod.o)
 .rodata.Zero   0x0000000008109d88        0x8 c:/st/stm32cubeide_1.11.0/stm32cubeide/plugins/com.st.stm32cube.ide.mcu.externaltools.gnu-tools-for-stm32.10.3-2021.10.win32_1.0.100.202210260954/tools/bin/../lib/gcc/arm-none-eabi/10.3.1/../../../../arm-none-eabi/lib/thumb/v7e-m+dp/hard\libm.a(lib_a-ef_fmod.o)
                0x0000000008109d90                . = ALIGN (0x4)

.ARM.extab
 *(.ARM.extab* .gnu.linkonce.armextab.*)

.ARM            0x0000000008109d90        0x8
                0x0000000008109d90                __exidx_start = .
 *(.ARM.exidx*)
 .ARM.exidx     0x0000000008109d90        0x8 c:/st/stm32cubeide_1.11.0/stm32cubeide/plugins/com.st.stm32cube.ide.mcu.externaltools.gnu-tools-for-stm32.10.3-2021.10.win32_1.0.100.202210260954/tools/bin/../lib/gcc/arm-none-eabi/10.3.1/thumb/v7e-m+dp/hard\libgcc.a(_udivmoddi4.o)
                0x0000000008109d98                __exidx_end = .

.rel.dyn        0x0000000008109d98        0x0
 .rel.iplt      0x0000000008109d98        0x0 c:/st/stm32cubeide_1.11.0/stm32cubeide/plugins/com.st.stm32cube.ide.mcu.externaltools.gnu-tools-for-stm32.10.3-2021.10.win32_1.0.100.202210260954/tools/bin/../lib/gcc/arm-none-eabi/10.3.1/thumb/v7e-m+dp/hard/crtbegin.o

.preinit_array  0x0000000008109d98        0x0
                0x0000000008109d98                PROVIDE (__preinit_array_start = .)
 *(.preinit_array*)
                0x0000000008109d98                PROVIDE (__preinit_array_end = .)

.init_array     0x0000000008109d98        0x4
                0x0000000008109d98                PROVIDE (__init_array_start = .)
 *(SORT_BY_NAME(.init_array.*))
 *(.init_array*)
 .init_array    0x0000000008109d98        0x4 c:/st/stm32cubeide_1.11.0/stm32cubeide/plugins/com.st.stm32cube.ide.mcu.externaltools.gnu-tools-for-stm32.10.3-2021.10.win32_1.0.100.202210260954/tools/bin/../lib/gcc/arm-none-eabi/10.3.1/thumb/v7e-m+dp/hard/crtbegin.o
                0x0000000008109d9c                PROVIDE (__init_array_end = .)

.fini_array     0x0000000008109d9c        0x4
                [!provide]                        PROVIDE (__fini_array_start = .)
 *(SORT_BY_NAME(.fini_array.*))
 *(.fini_array*)
 .fini_array    0x0000000008109d9c        0x4 c:/st/stm32cubeide_1.11.0/stm32cubeide/plugins/com.st.stm32cube.ide.mcu.externaltools.gnu-tools-for-stm32.10.3-2021.10.win32_1.0.100.202210260954/tools/bin/../lib/gcc/arm-none-eabi/10.3.1/thumb/v7e-m+dp/hard/crtbegin.o
                [!provide]                        PROVIDE (__fini_array_end = .)
                0x0000000008109da0                _sidata = LOADADDR (.data)

.data           0x0000000010000000     0x1630 load address 0x0000000008109da0
                0x0000000010000000                . = ALIGN (0x4)
                0x0000000010000000                _sdata = .
 *(.data)
 *(.data*)
 .data._ZN9BspAnalog10_analogOutE
                0x0000000010000000        0x4 ./BoardSupport/BspAnalog.o
                0x0000000010000000                BspAnalog::_analogOut
 .data._ZN9BspAnalog13DummyVariableE
                0x0000000010000004        0x4 ./BoardSupport/BspAnalog.o
                0x0000000010000004                BspAnalog::DummyVariable
 .data._ZN9BspAnalog7_configE
                0x0000000010000008        0x4 ./BoardSupport/BspAnalog.o
                0x0000000010000008                BspAnalog::_config
 .data._ZN9BspAnalog9_analogInE
                0x000000001000000c        0x4 ./BoardSupport/BspAnalog.o
                0x000000001000000c                BspAnalog::_analogIn
 .data._ZN6BspCan13_dwordsToCopyE
                0x0000000010000010       0x10 ./BoardSupport/BspCan.o
                0x0000000010000010                BspCan::_dwordsToCopy
 .data._ZN6BspCan15_bytesInMessageE
                0x0000000010000020       0x10 ./BoardSupport/BspCan.o
                0x0000000010000020                BspCan::_bytesInMessage
 .data._ZN6BspPwm9_functionE
                0x0000000010000030        0x8 ./BoardSupport/BspPwm.o
                0x0000000010000030                BspPwm::_function
 .data._ZN8BspTimer9_functionE
                0x0000000010000038        0x8 ./BoardSupport/BspTimer.o
                0x0000000010000038                BspTimer::_function
 .data._ZN7DataMan10_dummyDataE
                0x0000000010000040        0x8 ./Code/DataMan.o
                0x0000000010000040                DataMan::_dummyData
 .data._ZN7DataMan11_dataLengthE
                0x0000000010000048        0x4 ./Code/DataMan.o
                0x0000000010000048                DataMan::_dataLength
 .data._ZN7DataMan13_configLengthE
                0x000000001000004c        0x8 ./Code/DataMan.o
                0x000000001000004c                DataMan::_configLength
 .data._ZN7DataMan21_relativeConfigLookupE
                0x0000000010000054       0x28 ./Code/DataMan.o
                0x0000000010000054                DataMan::_relativeConfigLookup
 .data._ZN7DataMan23_relativeVariableLookupE
                0x000000001000007c       0x50 ./Code/DataMan.o
                0x000000001000007c                DataMan::_relativeVariableLookup
 .data._ZN7DataMan7_rxHndlE
                0x00000000100000cc        0x1 ./Code/DataMan.o
                0x00000000100000cc                DataMan::_rxHndl
 .data._ZN7DataMan7_txHndlE
                0x00000000100000cd        0x1 ./Code/DataMan.o
                0x00000000100000cd                DataMan::_txHndl
 *fill*         0x00000000100000ce        0x2 
 .data._ZN4Fccp14_dummyVariableE
                0x00000000100000d0        0x4 ./Code/Fccp.o
                0x00000000100000d0                Fccp::_dummyVariable
 .data._ZN12MotorControl11_halfPeriodE
                0x00000000100000d4        0x2 ./Code/Motor.o
                0x00000000100000d4                MotorControl::_halfPeriod
 *fill*         0x00000000100000d6        0x2 
 .data._ZN12MotorControl13_deltatFactorE
                0x00000000100000d8        0x4 ./Code/Motor.o
                0x00000000100000d8                MotorControl::_deltatFactor
 .data._ZN12MotorControl13_periodFactorE
                0x00000000100000dc        0x4 ./Code/Motor.o
                0x00000000100000dc                MotorControl::_periodFactor
 .data._ZN12MotorControl7_deltaTE
                0x00000000100000e0        0x4 ./Code/Motor.o
                0x00000000100000e0                MotorControl::_deltaT
 .data._ZN9SineTable10_sineTableE
                0x00000000100000e4      0x804 ./Code/SineTable.o
                0x00000000100000e4                SineTable::_sineTable
 .data._ZN9SineTable13_arcSineTableE
                0x00000000100008e8      0x5a8 ./Code/SineTable.o
                0x00000000100008e8                SineTable::_arcSineTable
 .data._ZN9SineTable13_intSineTableE
                0x0000000010000e90      0x190 ./Code/SineTable.o
                0x0000000010000e90                SineTable::_intSineTable
 .data._ZN9SineTable15_arcCosineTableE
                0x0000000010001020      0x5a8 ./Code/SineTable.o
                0x0000000010001020                SineTable::_arcCosineTable
 .data._ZN9SineTable16_sineTableFactorE
                0x00000000100015c8        0x4 ./Code/SineTable.o
                0x00000000100015c8                SineTable::_sineTableFactor
 .data._impure_ptr
                0x00000000100015cc        0x4 c:/st/stm32cubeide_1.11.0/stm32cubeide/plugins/com.st.stm32cube.ide.mcu.externaltools.gnu-tools-for-stm32.10.3-2021.10.win32_1.0.100.202210260954/tools/bin/../lib/gcc/arm-none-eabi/10.3.1/../../../../arm-none-eabi/lib/thumb/v7e-m+dp/hard\libc_nano.a(lib_a-impure.o)
                0x00000000100015cc                _impure_ptr
 .data.impure_data
                0x00000000100015d0       0x60 c:/st/stm32cubeide_1.11.0/stm32cubeide/plugins/com.st.stm32cube.ide.mcu.externaltools.gnu-tools-for-stm32.10.3-2021.10.win32_1.0.100.202210260954/tools/bin/../lib/gcc/arm-none-eabi/10.3.1/../../../../arm-none-eabi/lib/thumb/v7e-m+dp/hard\libc_nano.a(lib_a-impure.o)
                0x0000000010001630                . = ALIGN (0x4)
                0x0000000010001630                _edata = .

.igot.plt       0x0000000010001630        0x0 load address 0x000000000810b3d0
 .igot.plt      0x0000000010001630        0x0 c:/st/stm32cubeide_1.11.0/stm32cubeide/plugins/com.st.stm32cube.ide.mcu.externaltools.gnu-tools-for-stm32.10.3-2021.10.win32_1.0.100.202210260954/tools/bin/../lib/gcc/arm-none-eabi/10.3.1/thumb/v7e-m+dp/hard/crtbegin.o

.cal_data       0x0000000010001630      0x2d8 load address 0x000000000810b3d0
 .cal_data      0x0000000010001630      0x2d8 ./VectorModel/build/src/P2319ASW01.o
                0x0000000010001630                YellowLedCmd_C
                0x0000000010001634                WakeTout_C
                0x0000000010001638                WakeRetry_C
                0x0000000010001639                SwPwrPwmEna_C
                0x000000001000163c                StatorInductanceQ_C
                0x0000000010001640                StatorInductanceD_C
                0x0000000010001644                ResolverSinOfs_C
                0x0000000010001648                ResolverSinGain_C
                0x000000001000164c                ResolverSinFilTiCon_C
                0x0000000010001650                ResolverSinCosDialVal_CA
                0x0000000010001658                ResolverSinCosDialEna_C
                0x0000000010001659                ResolverExctEna_C
                0x000000001000165c                ResolverCosOfs_C
                0x0000000010001660                ResolverCosGain_C
                0x0000000010001664                ResolverCosFilTiCon_C
                0x0000000010001668                ReloadRegisterMax_C
                0x000000001000166a                RedLedIvt_C
                0x000000001000166b                RedLedDialVal_C
                0x000000001000166c                RedLedDialEna_C
                0x000000001000166d                PwrCmdDialVal_C
                0x000000001000166e                PwrCmdDialEna_C
                0x0000000010001670                PlsOnTi_C
                0x0000000010001674                PlsOffTi_C
                0x0000000010001678                PhaUQGainP_C
                0x000000001000167c                PhaUQGainI_C
                0x0000000010001680                PhaUQCmdOpenLoop_C
                0x0000000010001684                PhaUQCmdDialVal_C
                0x0000000010001688                PhaUQCmdDialEna_C
                0x000000001000168c                PhaUQAntiWindupGain_C
                0x0000000010001690                PhaUMaxVal_C
                0x0000000010001694                PhaUDGainP_C
                0x0000000010001698                PhaUDGainI_C
                0x000000001000169c                PhaUDCmdOpenLoop_C
                0x00000000100016a0                PhaUDCmdDialVal_C
                0x00000000100016a4                PhaUDCmdDialEna_C
                0x00000000100016a8                PhaUDAntiWindupGain_C
                0x00000000100016ac                PhaUCOfs_C
                0x00000000100016b0                PhaUCGain_C
                0x00000000100016b4                PhaUCFilTiCon_C
                0x00000000100016b8                PhaUCCmdDialVal_C
                0x00000000100016bc                PhaUCCmdDialEna_C
                0x00000000100016c0                PhaUBOfs_C
                0x00000000100016c4                PhaUBGain_C
                0x00000000100016c8                PhaUBFilTiCon_C
                0x00000000100016cc                PhaUBCmdDialVal_C
                0x00000000100016d0                PhaUBCmdDialEna_C
                0x00000000100016d4                PhaUAOfs_C
                0x00000000100016d8                PhaUAGain_C
                0x00000000100016dc                PhaUAFilTiCon_C
                0x00000000100016e0                PhaUACmdDialVal_C
                0x00000000100016e4                PhaUACmdDialEna_C
                0x00000000100016e5                PhaPwmEnaDialVal_C
                0x00000000100016e6                PhaPwmEnaDialEna_C
                0x00000000100016e8                PhaCurQTarDialVal_C
                0x00000000100016ec                PhaCurQTarDialEna_C
                0x00000000100016f0                PhaCurQDialVal_C
                0x00000000100016f4                PhaCurQDialEna_C
                0x00000000100016f8                PhaCurDTarVal_C
                0x00000000100016fc                PhaCurDDialVal_C
                0x0000000010001700                PhaCurDDialEna_C
                0x0000000010001704                PhaCurCOfs_C
                0x0000000010001708                PhaCurCGain_C
                0x000000001000170c                PhaCurCFilTiCon_C
                0x0000000010001710                PhaCurCDialVal_C
                0x0000000010001714                PhaCurCDialEna_C
                0x0000000010001718                PhaCurBOfs_C
                0x000000001000171c                PhaCurBGain_C
                0x0000000010001720                PhaCurBFilTiCon_C
                0x0000000010001724                PhaCurBDialVal_C
                0x0000000010001728                PhaCurBDialEna_C
                0x000000001000172c                PhaCurAOfs_C
                0x0000000010001730                PhaCurAGain_C
                0x0000000010001734                PhaCurAFilTiCon_C
                0x0000000010001738                PhaCurADialVal_C
                0x000000001000173c                PhaCurADialEna_C
                0x000000001000173e                PhaCPwmDcDialVal_C
                0x0000000010001740                PhaCPwmDcDialEna_C
                0x0000000010001742                PhaBPwmDcDialVal_C
                0x0000000010001744                PhaBPwmDcDialEna_C
                0x0000000010001746                PhaAPwmDcDialVal_C
                0x0000000010001748                PhaAPwmDcDialEna_C
                0x0000000010001749                MtrPwrPwmEna_C
                0x000000001000174c                MotTqReqThdModChg_C
                0x0000000010001750                MotTqReqCanDialVal_C
                0x0000000010001754                MotTqReqCanDialEna_C
                0x0000000010001758                MotTqReqCanDft_C
                0x000000001000175c                MotTqMaxMotSpd_T
                0x0000000010001770                MotTqMaxMotSpd_Ax
                0x0000000010001784                MotTqMaxDialVal_C
                0x0000000010001788                MotTqMaxDialEna_C
                0x000000001000178c                MotTqGainP_C
                0x0000000010001790                MotTqGainI_C
                0x0000000010001794                MotTqGainBdT2_T
                0x00000000100017a8                MotTqGainBdT2_Ax
                0x00000000100017bc                MotTqGainBdT1_T
                0x00000000100017d0                MotTqGainBdT1_Ax
                0x00000000100017e4                MotTqCon_C
                0x00000000100017e8                MotTqCmdSpdCtlDialVal_C
                0x00000000100017ec                MotTqCmdSpdCtlDialEna_C
                0x00000000100017ee                MotSpdThdModChg_C
                0x00000000100017f0                MotSpdReqThdModChg_C
                0x00000000100017f2                MotSpdReqMax_C
                0x00000000100017f4                MotSpdReqCanDialVal_C
                0x00000000100017f6                MotSpdReqCanDialEna_C
                0x00000000100017f8                MotSpdReqCanDft_C
                0x00000000100017fc                MotSpdRateLim_C
                0x0000000010001800                MotSpdMagDialVal_C
                0x0000000010001804                MotSpdMagDialEna_C
                0x0000000010001808                MotSpdFilTiCon_C
                0x000000001000180c                MotSpdDialVal_C
                0x000000001000180e                MotSpdDialEna_C
                0x0000000010001810                MotPosnTrigDialVal_CA
                0x0000000010001828                MotPosnTrigDialEna_C
                0x0000000010001829                MotPosnSenMeth_C
                0x000000001000182c                MotPosnOfs_C
                0x0000000010001830                MotPosnMagDialVal_C
                0x0000000010001834                MotPosnMagDialEna_C
                0x0000000010001835                MotPosnEstimrIntglEna_C
                0x0000000010001838                MotPosnEstimrGainP_C
                0x000000001000183c                MotPosnEstimrGainI_C
                0x0000000010001840                MotPolePairs_C
                0x0000000010001844                McuURefOfs_C
                0x0000000010001848                McuURefGain_C
                0x000000001000184c                McuURefFilTiCon_C
                0x0000000010001850                McuUBatOfs_C
                0x0000000010001854                McuUBatGain_C
                0x0000000010001858                McuUBatFilTiCon_C
                0x000000001000185c                McuTOfs_C
                0x0000000010001860                McuTGain_C
                0x0000000010001864                McuTFilTiCon_C
                0x0000000010001868                McuTDialVal_C
                0x000000001000186c                McuTDialEna_C
                0x0000000010001870                McuReqTout_C
                0x0000000010001874                McuData2DaDialVal_CA
                0x000000001000187c                McuData2DaDialEna_C
                0x0000000010001880                McuData1DaDialVal_CA
                0x0000000010001888                McuData1DaDialEna_C
                0x0000000010001889                MaiPwrStsIvt_C
                0x000000001000188a                MaiPwrAcvDialVal_C
                0x000000001000188b                MaiPwrAcvDialEna_C
                0x000000001000188c                MaiPwrAcvDebRisng_C
                0x0000000010001890                MaiPwrAcvDebFall_C
                0x0000000010001894                LedPlsCtTqCtl_C
                0x0000000010001895                LedPlsCtSpdCtl_C
                0x0000000010001896                LedPlsCtOpenLoop_C
                0x0000000010001897                LedPlsCtDft_C
                0x0000000010001898                LedOffTi_C
                0x000000001000189c                InPwrPwmEna_C
                0x00000000100018a0                HvBusUOfs_C
                0x00000000100018a4                HvBusUGain_C
                0x00000000100018a8                HvBusUFilTiCon_C
                0x00000000100018ac                HvBusUDialVal_C
                0x00000000100018b0                HvBusUDialEna_C
                0x00000000100018b4                HvBusCurOfs_C
                0x00000000100018b8                HvBusCurGain_C
                0x00000000100018bc                HvBusCurFilTiCon_C
                0x00000000100018c0                HvBusCurDialVal_C
                0x00000000100018c4                HvBusCurDialEna_C
                0x00000000100018c5                GreenLedIvt_C
                0x00000000100018c6                GreenLedDialVal_C
                0x00000000100018c7                GreenLedDialEna_C
                0x00000000100018c8                FluxLinkage_C
                0x00000000100018cc                EncoderOfs_C
                0x00000000100018d0                EncoderCtPerRev_C
                0x00000000100018d2                DrvModReqDialVal_C
                0x00000000100018d3                DrvModReqDialEna_C
                0x00000000100018d4                DrvModReqDft_C
                0x00000000100018d5                DrvModDialVal_C
                0x00000000100018d6                DrvModDialEna_C
                0x00000000100018d7                CanPwrPwmEna_C
                0x00000000100018d8                BdT2Ofs_C
                0x00000000100018dc                BdT2Gain_C
                0x00000000100018e0                BdT2FilTiCon_C
                0x00000000100018e4                BdT2DialVal_C
                0x00000000100018e8                BdT2DialEna_C
                0x00000000100018ec                BdT1Ofs_C
                0x00000000100018f0                BdT1Gain_C
                0x00000000100018f4                BdT1FilTiCon_C
                0x00000000100018f8                BdT1DialVal_C
                0x00000000100018fc                BdT1DialEna_C
                0x00000000100018fd                AuxPwrStsIvt_C
                0x00000000100018fe                AuxPwrAcvDialVal_C
                0x00000000100018ff                AuxPwrAcvDialEna_C
                0x0000000010001900                AuxPwrAcvDebRisng_C
                0x0000000010001904                AuxPwrAcvDebFall_C
                0x0000000010001908                . = ALIGN (0x4)

.bss            0x0000000010001908    0x42044 load address 0x000000000810b6a8
                0x0000000010001908                _sbss = .
                0x0000000010001908                __bss_start__ = _sbss
 *(.bss)
 .bss           0x0000000010001908       0x1c c:/st/stm32cubeide_1.11.0/stm32cubeide/plugins/com.st.stm32cube.ide.mcu.externaltools.gnu-tools-for-stm32.10.3-2021.10.win32_1.0.100.202210260954/tools/bin/../lib/gcc/arm-none-eabi/10.3.1/thumb/v7e-m+dp/hard/crtbegin.o
 *(.bss*)
 .bss._ZN9BspAnalog11_dataLinkedE
                0x0000000010001924        0x1 ./BoardSupport/BspAnalog.o
                0x0000000010001924                BspAnalog::_dataLinked
 .bss._ZN9BspAnalog12_initializedE
                0x0000000010001925        0x1 ./BoardSupport/BspAnalog.o
                0x0000000010001925                BspAnalog::_initialized
 *fill*         0x0000000010001926        0x2 
 .bss._ZN9BspAnalog12_nextChannelE
                0x0000000010001928        0x3 ./BoardSupport/BspAnalog.o
                0x0000000010001928                BspAnalog::_nextChannel
 *fill*         0x000000001000192b        0x1 
 .bss._ZN9BspAnalog13_dmaRxChannelE
                0x000000001000192c        0x3 ./BoardSupport/BspAnalog.o
                0x000000001000192c                BspAnalog::_dmaRxChannel
 .bss._ZN9BspAnalog13_dmaTxChannelE
                0x000000001000192f        0x1 ./BoardSupport/BspAnalog.o
                0x000000001000192f                BspAnalog::_dmaTxChannel
 .bss._ZN9BspAnalog17_analogDataBufferE
                0x0000000010001930       0xf0 ./BoardSupport/BspAnalog.o
                0x0000000010001930                BspAnalog::_analogDataBuffer
 .bss._ZN9BspAnalog20_externalInitializedE
                0x0000000010001a20        0x1 ./BoardSupport/BspAnalog.o
                0x0000000010001a20                BspAnalog::_externalInitialized
 *fill*         0x0000000010001a21        0x3 
 .bss._ZN6BspCan11_nextBufferE
                0x0000000010001a24        0x2 ./BoardSupport/BspCan.o
                0x0000000010001a24                BspCan::_nextBuffer
 *fill*         0x0000000010001a26        0x2 
 .bss._ZN6BspCan11_nextHandleE
                0x0000000010001a28        0x2 ./BoardSupport/BspCan.o
                0x0000000010001a28                BspCan::_nextHandle
 *fill*         0x0000000010001a2a        0x2 
 .bss._ZN6BspCan12_mailBoxBaseE
                0x0000000010001a2c        0x4 ./BoardSupport/BspCan.o
                0x0000000010001a2c                BspCan::_mailBoxBase
 .bss._ZN6BspCan13_rxBufferBaseE
                0x0000000010001a30        0x2 ./BoardSupport/BspCan.o
                0x0000000010001a30                BspCan::_rxBufferBase
 .bss._ZN6BspCan13_txBufferBaseE
                0x0000000010001a32        0x2 ./BoardSupport/BspCan.o
                0x0000000010001a32                BspCan::_txBufferBase
 .bss._ZN6BspDma11_nextStreamE
                0x0000000010001a34        0x1 ./BoardSupport/BspDma.o
                0x0000000010001a34                BspDma::_nextStream
 *fill*         0x0000000010001a35        0x3 
 .bss._ZN8BspFlash12_flashBufferE
                0x0000000010001a38      0x800 ./BoardSupport/BspFlash.o
                0x0000000010001a38                BspFlash::_flashBuffer
 .bss._ZN8BspFlash16_flashTempBufferE
                0x0000000010002238       0x20 ./BoardSupport/BspFlash.o
                0x0000000010002238                BspFlash::_flashTempBuffer
 .bss._ZN8BspFlash19_flashDigitalBufferE
                0x0000000010002258       0x80 ./BoardSupport/BspFlash.o
                0x0000000010002258                BspFlash::_flashDigitalBuffer
 .bss._ZN5BspIo8_pinInfoE
                0x00000000100022d8       0xa0 ./BoardSupport/BspIo.o
                0x00000000100022d8                BspIo::_pinInfo
 .bss._ZN6BspPwm7_periodE
                0x0000000010002378        0x2 ./BoardSupport/BspPwm.o
                0x0000000010002378                BspPwm::_period
 .bss._ZN8BspTimer10_nextTimerE
                0x000000001000237a        0x1 ./BoardSupport/BspTimer.o
                0x000000001000237a                BspTimer::_nextTimer
 .bss._ZN8BspTimer12_nextLpTimerE
                0x000000001000237b        0x1 ./BoardSupport/BspTimer.o
                0x000000001000237b                BspTimer::_nextLpTimer
 .bss._ZN9SlowTimer10_nextTimerE
                0x000000001000237c        0x1 ./BoardSupport/SlowTimer.o
                0x000000001000237c                SlowTimer::_nextTimer
 *fill*         0x000000001000237d        0x3 
 .bss._ZN9SlowTimer10_timerDataE
                0x0000000010002380       0x60 ./BoardSupport/SlowTimer.o
                0x0000000010002380                SlowTimer::_timerData
 .bss._ZN7DataMan10_variablesE
                0x00000000100023e0      0x394 ./Code/DataMan.o
                0x00000000100023e0                DataMan::_variables
 .bss._ZN7DataMan11_canMessageE
                0x0000000010002774        0x1 ./Code/DataMan.o
                0x0000000010002774                DataMan::_canMessage
 *fill*         0x0000000010002775        0x3 
 .bss._ZN7DataMan12_receiveDataE
                0x0000000010002778       0x10 ./Code/DataMan.o
                0x0000000010002778                DataMan::_receiveData
 .bss._ZN7DataMan21_defaultPacketCounterE
                0x0000000010002788        0x4 ./Code/DataMan.o
                0x0000000010002788                DataMan::_defaultPacketCounter
 .bss._ZN7DataMan7_configE
                0x000000001000278c        0x8 ./Code/DataMan.o
                0x000000001000278c                DataMan::_config
 .bss._ZN7DataMan7_txDataE
                0x0000000010002794        0x8 ./Code/DataMan.o
                0x0000000010002794                DataMan::_txData
 .bss._ZN4Fccp10_rxHandlesE
                0x000000001000279c        0x4 ./Code/Fccp.o
                0x000000001000279c                Fccp::_rxHandles
 .bss._ZN4Fccp10_txHandlesE
                0x00000000100027a0        0x4 ./Code/Fccp.o
                0x00000000100027a0                Fccp::_txHandles
 .bss._ZN4Fccp11_forceFlashE
                0x00000000100027a4        0x1 ./Code/Fccp.o
                0x00000000100027a4                Fccp::_forceFlash
 .bss._ZN4Fccp14_handlerToggleE
                0x00000000100027a5        0x1 ./Code/Fccp.o
                0x00000000100027a5                Fccp::_handlerToggle
 *fill*         0x00000000100027a6        0x2 
 .bss._ZN4Fccp14_subscriptionsE
                0x00000000100027a8       0x78 ./Code/Fccp.o
                0x00000000100027a8                Fccp::_subscriptions
 .bss._ZN4Fccp15_snapshotBufferE
                0x0000000010002820    0x40000 ./Code/Fccp.o
                0x0000000010002820                Fccp::_snapshotBuffer
 .bss._ZN4Fccp15_timeoutCounterE
                0x0000000010042820       0x18 ./Code/Fccp.o
                0x0000000010042820                Fccp::_timeoutCounter
 .bss._ZN4Fccp16_lastWrittenDataE
                0x0000000010042838        0x8 ./Code/Fccp.o
                0x0000000010042838                Fccp::_lastWrittenData
 .bss._ZN4Fccp22_subscriptionsToUpdateE
                0x0000000010042840        0x1 ./Code/Fccp.o
                0x0000000010042840                Fccp::_subscriptionsToUpdate
 *fill*         0x0000000010042841        0x1 
 .bss._ZN4Fccp26_subscriptionAddressOffsetE
                0x0000000010042842        0x2 ./Code/Fccp.o
                0x0000000010042842                Fccp::_subscriptionAddressOffset
 .bss._ZN4Fccp7_txDataE
                0x0000000010042844       0x20 ./Code/Fccp.o
                0x0000000010042844                Fccp::_txData
 .bss._ZN4Fccp8_canDataE
                0x0000000010042864       0x40 ./Code/Fccp.o
                0x0000000010042864                Fccp::_canData
 .bss._ZN4Fccp9_snapshotE
                0x00000000100428a4       0x78 ./Code/Fccp.o
                0x00000000100428a4                Fccp::_snapshot
 .bss._ZN11ProcLoading10_analogOutE
                0x000000001004291c        0x4 ./Code/Loading.o
                0x000000001004291c                ProcLoading::_analogOut
 .bss._ZN11ProcLoading11_dataLinkedE
                0x0000000010042920        0x1 ./Code/Loading.o
                0x0000000010042920                ProcLoading::_dataLinked
 *fill*         0x0000000010042921        0x3 
 .bss._ZN11ProcLoading7_configE
                0x0000000010042924        0x4 ./Code/Loading.o
                0x0000000010042924                ProcLoading::_config
 .bss._ZN11ProcLoading7_inTaskE
                0x0000000010042928        0x1 ./Code/Loading.o
                0x0000000010042928                ProcLoading::_inTask
 *fill*         0x0000000010042929        0x3 
 .bss._ZN11ProcLoading9_analogInE
                0x000000001004292c        0x4 ./Code/Loading.o
                0x000000001004292c                ProcLoading::_analogIn
 .bss._ZN12MotorControl10_analogOutE
                0x0000000010042930        0x4 ./Code/Motor.o
                0x0000000010042930                MotorControl::_analogOut
 .bss._ZN12MotorControl11_dataLinkedE
                0x0000000010042934        0x1 ./Code/Motor.o
                0x0000000010042934                MotorControl::_dataLinked
 *fill*         0x0000000010042935        0x3 
 .bss._ZN12MotorControl11_digitalOutE
                0x0000000010042938        0x4 ./Code/Motor.o
                0x0000000010042938                MotorControl::_digitalOut
 .bss._ZN12MotorControl13_loggingInputE
                0x000000001004293c       0x20 ./Code/Motor.o
                0x000000001004293c                MotorControl::_loggingInput
 .bss._ZN12MotorControl14_digitalConfigE
                0x000000001004295c        0x4 ./Code/Motor.o
                0x000000001004295c                MotorControl::_digitalConfig
 .bss._ZN12MotorControl14_logInputIndexE
                0x0000000010042960        0x4 ./Code/Motor.o
                0x0000000010042960                MotorControl::_logInputIndex
 .bss._ZN12MotorControl15_analogChannelsE
                0x0000000010042964       0x54 ./Code/Motor.o
                0x0000000010042964                MotorControl::_analogChannels
 .bss._ZN12MotorControl17_externalChannelsE
                0x00000000100429b8       0x3c ./Code/Motor.o
                0x00000000100429b8                MotorControl::_externalChannels
 .bss._ZN12MotorControl7_configE
                0x00000000100429f4        0x4 ./Code/Motor.o
                0x00000000100429f4                MotorControl::_config
 .bss._ZN12MotorControl9_analogInE
                0x00000000100429f8        0x4 ./Code/Motor.o
                0x00000000100429f8                MotorControl::_analogIn
 .bss._ZN10TempSensor10_analogOutE
                0x00000000100429fc        0x4 ./Code/TempSensor.o
                0x00000000100429fc                TempSensor::_analogOut
 .bss._ZN10TempSensor11_dataLinkedE
                0x0000000010042a00        0x1 ./Code/TempSensor.o
                0x0000000010042a00                TempSensor::_dataLinked
 *fill*         0x0000000010042a01        0x3 
 .bss._ZN10TempSensor7_configE
                0x0000000010042a04        0x4 ./Code/TempSensor.o
                0x0000000010042a04                TempSensor::_config
 .bss._ZN10TempSensor9_analogInE
                0x0000000010042a08        0x4 ./Code/TempSensor.o
                0x0000000010042a08                TempSensor::_analogIn
 .bss._tempVar  0x0000000010042a0c        0x4 ./Code/main.o
                0x0000000010042a0c                _tempVar
 .bss._toggle   0x0000000010042a10        0x1 ./Code/main.o
                0x0000000010042a10                _toggle
 *fill*         0x0000000010042a11        0x3 
 .bss.dto       0x0000000010042a14        0x9 ./ThirdParty/XcpBasic.o
 *fill*         0x0000000010042a1d        0x3 
 .bss.xcp       0x0000000010042a20      0xbe0 ./ThirdParty/XcpBasic.o
                0x0000000010042a20                xcp
 .bss._xcpData  0x0000000010043600        0x8 ./ThirdParty/xcp_par.o
                0x0000000010043600                _xcpData
 .bss._xcpExt   0x0000000010043608        0x1 ./ThirdParty/xcp_par.o
                0x0000000010043608                _xcpExt
 *fill*         0x0000000010043609        0x3 
 .bss._xcpId    0x000000001004360c        0x4 ./ThirdParty/xcp_par.o
                0x000000001004360c                _xcpId
 .bss._xcpLen   0x0000000010043610        0x1 ./ThirdParty/xcp_par.o
                0x0000000010043610                _xcpLen
 .bss._xcpRxCanHandle
                0x0000000010043611        0x1 ./ThirdParty/xcp_par.o
                0x0000000010043611                _xcpRxCanHandle
 .bss._xcpTxCanHandle
                0x0000000010043612        0x1 ./ThirdParty/xcp_par.o
                0x0000000010043612                _xcpTxCanHandle
 *fill*         0x0000000010043613        0x1 
 .bss.PhaUA     0x0000000010043614        0x4 ./VectorModel/RemovedFunctions.o
                0x0000000010043614                PhaUA
 .bss.PhaUB     0x0000000010043618        0x4 ./VectorModel/RemovedFunctions.o
                0x0000000010043618                PhaUB
 .bss.PhaUC     0x000000001004361c        0x4 ./VectorModel/RemovedFunctions.o
                0x000000001004361c                PhaUC
 .bss._ZN13VectorControl10_analogOutE
                0x0000000010043620        0x4 ./VectorModel/VectorControl.o
                0x0000000010043620                VectorControl::_analogOut
 .bss._ZN13VectorControl7_configE
                0x0000000010043624        0x4 ./VectorModel/VectorControl.o
                0x0000000010043624                VectorControl::_config
 .bss._ZN13VectorControl9_analogInE
                0x0000000010043628        0x4 ./VectorModel/VectorControl.o
                0x0000000010043628                VectorControl::_analogIn
 .bss.CURCTL_DW
                0x000000001004362c       0x14 ./VectorModel/build/src/CURCTL.o
                0x000000001004362c                CURCTL_DW
 .bss.CURCTL_MdlrefDW
                0x0000000010043640        0x4 ./VectorModel/build/src/CURCTL.o
                0x0000000010043640                CURCTL_MdlrefDW
 .bss.GATOUP_MdlrefDW
                0x0000000010043644        0x4 ./VectorModel/build/src/GATOUP.o
                0x0000000010043644                GATOUP_MdlrefDW
 .bss.INVCPA_MdlrefDW
                0x0000000010043648        0x4 ./VectorModel/build/src/INVCPA.o
                0x0000000010043648                INVCPA_MdlrefDW
 *fill*         0x000000001004364c        0x4 
 .bss.MEDINP_B  0x0000000010043650       0x38 ./VectorModel/build/src/MEDINP.o
                0x0000000010043650                MEDINP_B
 .bss.MEDINP_DW
                0x0000000010043688       0x14 ./VectorModel/build/src/MEDINP.o
                0x0000000010043688                MEDINP_DW
 .bss.MEDINP_MdlrefDW
                0x000000001004369c        0x4 ./VectorModel/build/src/MEDINP.o
                0x000000001004369c                MEDINP_MdlrefDW
 .bss.MEDOUP_B  0x00000000100436a0       0x20 ./VectorModel/build/src/MEDOUP.o
                0x00000000100436a0                MEDOUP_B
 .bss.MEDOUP_MdlrefDW
                0x00000000100436c0        0x4 ./VectorModel/build/src/MEDOUP.o
                0x00000000100436c0                MEDOUP_MdlrefDW
 .bss.MODCTL_B  0x00000000100436c4        0x2 ./VectorModel/build/src/MODCTL.o
                0x00000000100436c4                MODCTL_B
 *fill*         0x00000000100436c6        0x2 
 .bss.MODCTL_DW
                0x00000000100436c8        0x8 ./VectorModel/build/src/MODCTL.o
                0x00000000100436c8                MODCTL_DW
 .bss.MODCTL_MdlrefDW
                0x00000000100436d0        0x4 ./VectorModel/build/src/MODCTL.o
                0x00000000100436d0                MODCTL_MdlrefDW
 .bss.ASWIN_AuxPwrSts
                0x00000000100436d4        0x1 ./VectorModel/build/src/P2319ASW01.o
                0x00000000100436d4                ASWIN_AuxPwrSts
 *fill*         0x00000000100436d5        0x1 
 .bss.ASWIN_BdT1
                0x00000000100436d6        0x2 ./VectorModel/build/src/P2319ASW01.o
                0x00000000100436d6                ASWIN_BdT1
 .bss.ASWIN_BdT2
                0x00000000100436d8        0x2 ./VectorModel/build/src/P2319ASW01.o
                0x00000000100436d8                ASWIN_BdT2
 .bss.ASWIN_EncoderCt
                0x00000000100436da        0x2 ./VectorModel/build/src/P2319ASW01.o