C:\GIT\Davis\MotorController\BoardSupport/BspTimer.h:23:30:static long int BspTimer::GetFreeRunningCounter()	4	static
C:\GIT\Davis\MotorController\BoardSupport/BspGpio.h:29:23:static void BspGpio::On(unsigned char)	16	static
C:\GIT\Davis\MotorController\BoardSupport/BspGpio.h:30:23:static void BspGpio::Off(unsigned char)	16	static
C:\GIT\Davis\MotorController\Code/Loading.h:40:30:static void Loading::StartMeasuredSection(unsigned char)	24	static
C:\GIT\Davis\MotorController\Code/Loading.h:45:30:static void Loading::StopMeasuredSection(unsigned char)	32	static
../Code/Main.cpp:25:5:int main()	8	static
../Code/Main.cpp:33:6:static void Main::InitialBootup()	16	static
../Code/Main.cpp:74:6:static void Main::IdleTask(long unsigned int)	24	static
../Code/Main.cpp:108:6:static void Main::ToggleLed()	8	static
../Code/Main.cpp:176:6:static void Main::CheckToWrite()	8	static
../Code/Main.cpp:185:6:static void Main::HighPriTimer()	16	static
