C:\GIT\Davis\BoardSupport/BspTimer.h:23:30:static long int BspTimer::GetFreeRunningCounter()	4	static
C:\GIT\Davis\BoardSupport/BspGpio.h:29:23:static void BspGpio::On(unsigned char)	16	static
C:\GIT\Davis\BoardSupport/BspGpio.h:30:23:static void BspGpio::Off(unsigned char)	16	static
C:\GIT\Davis\Code/Loading.h:40:30:static void Loading::StartMeasuredSection(unsigned char)	24	static
C:\GIT\Davis\Code/Loading.h:45:30:static void Loading::StopMeasuredSection(unsigned char)	32	static
../Code/Main.cpp:24:5:int main()	8	static
../Code/Main.cpp:32:6:static void Main::InitialBootup()	8	static
../Code/Main.cpp:61:6:static void Main::IdleTask(long unsigned int)	24	static
../Code/Main.cpp:95:6:static void Main::ToggleLed()	8	static
../Code/Main.cpp:163:6:static void Main::CheckToWrite()	8	static
../Code/Main.cpp:172:6:static void Main::HighPriTimer()	16	static
