../Device/startup_lpc5502.cpp:340:6:void data_init(unsigned int, unsigned int, unsigned int)	4	static
../Device/startup_lpc5502.cpp:349:6:void bss_init(unsigned int, unsigned int)	0	static
../Device/startup_lpc5502.cpp:374:6:void ResetISR()	0	static
../Device/startup_lpc5502.cpp:467:14:void NMI_Handler()	0	static
../Device/startup_lpc5502.cpp:471:14:void HardFault_Handler()	0	static
../Device/startup_lpc5502.cpp:475:14:void MemManage_Handler()	0	static
../Device/startup_lpc5502.cpp:479:14:void BusFault_Handler()	0	static
../Device/startup_lpc5502.cpp:483:14:void UsageFault_Handler()	0	static
../Device/startup_lpc5502.cpp:487:14:void SecureFault_Handler()	0	static
../Device/startup_lpc5502.cpp:491:14:void SVC_Handler()	0	static
../Device/startup_lpc5502.cpp:495:14:void DebugMon_Handler()	0	static
../Device/startup_lpc5502.cpp:499:14:void PendSV_Handler()	0	static
../Device/startup_lpc5502.cpp:503:14:void SysTick_Handler()	0	static
../Device/startup_lpc5502.cpp:511:14:void IntDefaultHandler()	0	static
../Device/startup_lpc5502.cpp:521:11:void WDT_BOD_IRQHandler()	8	static
../Device/startup_lpc5502.cpp:525:11:void DMA0_IRQHandler()	8	static
../Device/startup_lpc5502.cpp:529:11:void GINT0_IRQHandler()	8	static
../Device/startup_lpc5502.cpp:533:11:void GINT1_IRQHandler()	8	static
../Device/startup_lpc5502.cpp:537:11:void PIN_INT0_IRQHandler()	8	static
../Device/startup_lpc5502.cpp:541:11:void PIN_INT1_IRQHandler()	8	static
../Device/startup_lpc5502.cpp:545:11:void PIN_INT2_IRQHandler()	8	static
../Device/startup_lpc5502.cpp:549:11:void PIN_INT3_IRQHandler()	8	static
../Device/startup_lpc5502.cpp:553:11:void UTICK0_IRQHandler()	8	static
../Device/startup_lpc5502.cpp:557:11:void MRT0_IRQHandler()	8	static
../Device/startup_lpc5502.cpp:561:11:void CTIMER0_IRQHandler()	8	static
../Device/startup_lpc5502.cpp:565:11:void CTIMER1_IRQHandler()	8	static
../Device/startup_lpc5502.cpp:569:11:void SCT0_IRQHandler()	8	static
../Device/startup_lpc5502.cpp:573:11:void CTIMER3_IRQHandler()	8	static
../Device/startup_lpc5502.cpp:577:11:void FLEXCOMM0_IRQHandler()	8	static
../Device/startup_lpc5502.cpp:581:11:void FLEXCOMM1_IRQHandler()	8	static
../Device/startup_lpc5502.cpp:585:11:void FLEXCOMM2_IRQHandler()	8	static
../Device/startup_lpc5502.cpp:589:11:void FLEXCOMM3_IRQHandler()	8	static
../Device/startup_lpc5502.cpp:593:11:void FLEXCOMM4_IRQHandler()	8	static
../Device/startup_lpc5502.cpp:597:11:void FLEXCOMM5_IRQHandler()	8	static
../Device/startup_lpc5502.cpp:601:11:void FLEXCOMM6_IRQHandler()	8	static
../Device/startup_lpc5502.cpp:605:11:void FLEXCOMM7_IRQHandler()	8	static
../Device/startup_lpc5502.cpp:609:11:void ADC0_IRQHandler()	8	static
../Device/startup_lpc5502.cpp:613:11:void Reserved39_IRQHandler()	8	static
../Device/startup_lpc5502.cpp:617:11:void ACMP_IRQHandler()	8	static
../Device/startup_lpc5502.cpp:621:11:void Reserved41_IRQHandler()	8	static
../Device/startup_lpc5502.cpp:625:11:void Reserved42_IRQHandler()	8	static
../Device/startup_lpc5502.cpp:629:11:void Reserved43_IRQHandler()	8	static
../Device/startup_lpc5502.cpp:633:11:void Reserved44_IRQHandler()	8	static
../Device/startup_lpc5502.cpp:637:11:void RTC_IRQHandler()	8	static
../Device/startup_lpc5502.cpp:641:11:void Reserved46_IRQHandler()	8	static
../Device/startup_lpc5502.cpp:645:11:void Reserved47_IRQHandler()	8	static
../Device/startup_lpc5502.cpp:649:11:void PIN_INT4_IRQHandler()	8	static
../Device/startup_lpc5502.cpp:653:11:void PIN_INT5_IRQHandler()	8	static
../Device/startup_lpc5502.cpp:657:11:void PIN_INT6_IRQHandler()	8	static
../Device/startup_lpc5502.cpp:661:11:void PIN_INT7_IRQHandler()	8	static
../Device/startup_lpc5502.cpp:665:11:void CTIMER2_IRQHandler()	8	static
../Device/startup_lpc5502.cpp:669:11:void CTIMER4_IRQHandler()	8	static
../Device/startup_lpc5502.cpp:673:11:void OS_EVENT_IRQHandler()	8	static
../Device/startup_lpc5502.cpp:677:11:void Reserved55_IRQHandler()	8	static
../Device/startup_lpc5502.cpp:681:11:void Reserved56_IRQHandler()	8	static
../Device/startup_lpc5502.cpp:685:11:void Reserved57_IRQHandler()	8	static
../Device/startup_lpc5502.cpp:689:11:void Reserved58_IRQHandler()	8	static
../Device/startup_lpc5502.cpp:693:11:void CAN0_IRQ0_IRQHandler()	8	static
../Device/startup_lpc5502.cpp:697:11:void CAN0_IRQ1_IRQHandler()	8	static
../Device/startup_lpc5502.cpp:701:11:void Reserved61_IRQHandler()	8	static
../Device/startup_lpc5502.cpp:705:11:void Reserved62_IRQHandler()	8	static
../Device/startup_lpc5502.cpp:709:11:void Reserved63_IRQHandler()	8	static
../Device/startup_lpc5502.cpp:713:11:void Reserved64_IRQHandler()	8	static
../Device/startup_lpc5502.cpp:717:11:void SEC_HYPERVISOR_CALL_IRQHandler()	8	static
../Device/startup_lpc5502.cpp:721:11:void SEC_GPIO_INT0_IRQ0_IRQHandler()	8	static
../Device/startup_lpc5502.cpp:725:11:void SEC_GPIO_INT0_IRQ1_IRQHandler()	8	static
../Device/startup_lpc5502.cpp:729:11:void PLU_IRQHandler()	8	static
../Device/startup_lpc5502.cpp:733:11:void SEC_VIO_IRQHandler()	8	static
../Device/startup_lpc5502.cpp:737:11:void Reserved70_IRQHandler()	8	static
../Device/startup_lpc5502.cpp:741:11:void CASER_IRQHandler()	8	static
../Device/startup_lpc5502.cpp:745:11:void PUF_IRQHandler()	8	static
../Device/startup_lpc5502.cpp:749:11:void Reserved73_IRQHandler()	8	static
../Device/startup_lpc5502.cpp:753:11:void DMA1_IRQHandler()	8	static
../Device/startup_lpc5502.cpp:757:11:void FLEXCOMM8_IRQHandler()	8	static
../Device/startup_lpc5502.cpp:761:11:void CDOG_IRQHandler()	8	static
