../Device/startup_lpc55s06.c:340:6:data_init	40	static
../Device/startup_lpc55s06.c:349:6:bss_init	24	static
../Device/startup_lpc55s06.c:374:6:ResetISR	0	static
../Device/startup_lpc55s06.c:467:14:NMI_Handler	4	static
../Device/startup_lpc55s06.c:471:14:HardFault_Handler	4	static
../Device/startup_lpc55s06.c:475:14:MemManage_Handler	4	static
../Device/startup_lpc55s06.c:479:14:BusFault_Handler	4	static
../Device/startup_lpc55s06.c:483:14:UsageFault_Handler	4	static
../Device/startup_lpc55s06.c:487:14:SecureFault_Handler	4	static
../Device/startup_lpc55s06.c:491:14:SVC_Handler	4	static
../Device/startup_lpc55s06.c:495:14:DebugMon_Handler	4	static
../Device/startup_lpc55s06.c:499:14:PendSV_Handler	4	static
../Device/startup_lpc55s06.c:503:14:SysTick_Handler	4	static
../Device/startup_lpc55s06.c:511:14:IntDefaultHandler	4	static
../Device/startup_lpc55s06.c:521:11:WDT_BOD_IRQHandler	8	static
../Device/startup_lpc55s06.c:525:11:DMA0_IRQHandler	8	static
../Device/startup_lpc55s06.c:529:11:GINT0_IRQHandler	8	static
../Device/startup_lpc55s06.c:533:11:GINT1_IRQHandler	8	static
../Device/startup_lpc55s06.c:537:11:PIN_INT0_IRQHandler	8	static
../Device/startup_lpc55s06.c:541:11:PIN_INT1_IRQHandler	8	static
../Device/startup_lpc55s06.c:545:11:PIN_INT2_IRQHandler	8	static
../Device/startup_lpc55s06.c:549:11:PIN_INT3_IRQHandler	8	static
../Device/startup_lpc55s06.c:553:11:UTICK0_IRQHandler	8	static
../Device/startup_lpc55s06.c:557:11:MRT0_IRQHandler	8	static
../Device/startup_lpc55s06.c:561:11:CTIMER0_IRQHandler	8	static
../Device/startup_lpc55s06.c:565:11:CTIMER1_IRQHandler	8	static
../Device/startup_lpc55s06.c:569:11:SCT0_IRQHandler	8	static
../Device/startup_lpc55s06.c:573:11:CTIMER3_IRQHandler	8	static
../Device/startup_lpc55s06.c:577:11:FLEXCOMM0_IRQHandler	8	static
../Device/startup_lpc55s06.c:581:11:FLEXCOMM1_IRQHandler	8	static
../Device/startup_lpc55s06.c:585:11:FLEXCOMM2_IRQHandler	8	static
../Device/startup_lpc55s06.c:589:11:FLEXCOMM3_IRQHandler	8	static
../Device/startup_lpc55s06.c:593:11:FLEXCOMM4_IRQHandler	8	static
../Device/startup_lpc55s06.c:597:11:FLEXCOMM5_IRQHandler	8	static
../Device/startup_lpc55s06.c:601:11:FLEXCOMM6_IRQHandler	8	static
../Device/startup_lpc55s06.c:605:11:FLEXCOMM7_IRQHandler	8	static
../Device/startup_lpc55s06.c:609:11:ADC0_IRQHandler	8	static
../Device/startup_lpc55s06.c:613:11:Reserved39_IRQHandler	8	static
../Device/startup_lpc55s06.c:617:11:ACMP_IRQHandler	8	static
../Device/startup_lpc55s06.c:621:11:Reserved41_IRQHandler	8	static
../Device/startup_lpc55s06.c:625:11:Reserved42_IRQHandler	8	static
../Device/startup_lpc55s06.c:629:11:Reserved43_IRQHandler	8	static
../Device/startup_lpc55s06.c:633:11:Reserved44_IRQHandler	8	static
../Device/startup_lpc55s06.c:637:11:RTC_IRQHandler	8	static
../Device/startup_lpc55s06.c:641:11:Reserved46_IRQHandler	8	static
../Device/startup_lpc55s06.c:645:11:Reserved47_IRQHandler	8	static
../Device/startup_lpc55s06.c:649:11:PIN_INT4_IRQHandler	8	static
../Device/startup_lpc55s06.c:653:11:PIN_INT5_IRQHandler	8	static
../Device/startup_lpc55s06.c:657:11:PIN_INT6_IRQHandler	8	static
../Device/startup_lpc55s06.c:661:11:PIN_INT7_IRQHandler	8	static
../Device/startup_lpc55s06.c:665:11:CTIMER2_IRQHandler	8	static
../Device/startup_lpc55s06.c:669:11:CTIMER4_IRQHandler	8	static
../Device/startup_lpc55s06.c:673:11:OS_EVENT_IRQHandler	8	static
../Device/startup_lpc55s06.c:677:11:Reserved55_IRQHandler	8	static
../Device/startup_lpc55s06.c:681:11:Reserved56_IRQHandler	8	static
../Device/startup_lpc55s06.c:685:11:Reserved57_IRQHandler	8	static
../Device/startup_lpc55s06.c:689:11:Reserved58_IRQHandler	8	static
../Device/startup_lpc55s06.c:693:11:CAN0_IRQ0_IRQHandler	8	static
../Device/startup_lpc55s06.c:697:11:CAN0_IRQ1_IRQHandler	8	static
../Device/startup_lpc55s06.c:701:11:Reserved61_IRQHandler	8	static
../Device/startup_lpc55s06.c:705:11:Reserved62_IRQHandler	8	static
../Device/startup_lpc55s06.c:709:11:Reserved63_IRQHandler	8	static
../Device/startup_lpc55s06.c:713:11:Reserved64_IRQHandler	8	static
../Device/startup_lpc55s06.c:717:11:SEC_HYPERVISOR_CALL_IRQHandler	8	static
../Device/startup_lpc55s06.c:721:11:SEC_GPIO_INT0_IRQ0_IRQHandler	8	static
../Device/startup_lpc55s06.c:725:11:SEC_GPIO_INT0_IRQ1_IRQHandler	8	static
../Device/startup_lpc55s06.c:729:11:PLU_IRQHandler	8	static
../Device/startup_lpc55s06.c:733:11:SEC_VIO_IRQHandler	8	static
../Device/startup_lpc55s06.c:737:11:HASHCRYPT_IRQHandler	8	static
../Device/startup_lpc55s06.c:741:11:CASER_IRQHandler	8	static
../Device/startup_lpc55s06.c:745:11:PUF_IRQHandler	8	static
../Device/startup_lpc55s06.c:749:11:Reserved73_IRQHandler	8	static
../Device/startup_lpc55s06.c:753:11:DMA1_IRQHandler	8	static
../Device/startup_lpc55s06.c:757:11:FLEXCOMM8_IRQHandler	8	static
../Device/startup_lpc55s06.c:761:11:CDOG_IRQHandler	8	static
